Archive member included to satisfy reference by file (symbol)

C:/ST/STM32CubeIDE_1.13.2/STM32CubeIDE/plugins/com.st.stm32cube.ide.mcu.externaltools.gnu-tools-for-stm32.11.3.rel1.win32_1.1.100.202309141235/tools/bin/../lib/gcc/arm-none-eabi/11.3.1/../../../../arm-none-eabi/lib/thumb/v7e-m+dp/hard\libc_nano.a(libc_a-exit.o)
                              C:/ST/STM32CubeIDE_1.13.2/STM32CubeIDE/plugins/com.st.stm32cube.ide.mcu.externaltools.gnu-tools-for-stm32.11.3.rel1.win32_1.1.100.202309141235/tools/bin/../lib/gcc/arm-none-eabi/11.3.1/../../../../arm-none-eabi/lib/thumb/v7e-m+dp/hard/crt0.o (exit)
C:/ST/STM32CubeIDE_1.13.2/STM32CubeIDE/plugins/com.st.stm32cube.ide.mcu.externaltools.gnu-tools-for-stm32.11.3.rel1.win32_1.1.100.202309141235/tools/bin/../lib/gcc/arm-none-eabi/11.3.1/../../../../arm-none-eabi/lib/thumb/v7e-m+dp/hard\libc_nano.a(libc_a-findfp.o)
                              C:/ST/STM32CubeIDE_1.13.2/STM32CubeIDE/plugins/com.st.stm32cube.ide.mcu.externaltools.gnu-tools-for-stm32.11.3.rel1.win32_1.1.100.202309141235/tools/bin/../lib/gcc/arm-none-eabi/11.3.1/../../../../arm-none-eabi/lib/thumb/v7e-m+dp/hard\libc_nano.a(libc_a-exit.o) (__stdio_exit_handler)
C:/ST/STM32CubeIDE_1.13.2/STM32CubeIDE/plugins/com.st.stm32cube.ide.mcu.externaltools.gnu-tools-for-stm32.11.3.rel1.win32_1.1.100.202309141235/tools/bin/../lib/gcc/arm-none-eabi/11.3.1/../../../../arm-none-eabi/lib/thumb/v7e-m+dp/hard\libc_nano.a(libc_a-fwalk.o)
                              C:/ST/STM32CubeIDE_1.13.2/STM32CubeIDE/plugins/com.st.stm32cube.ide.mcu.externaltools.gnu-tools-for-stm32.11.3.rel1.win32_1.1.100.202309141235/tools/bin/../lib/gcc/arm-none-eabi/11.3.1/../../../../arm-none-eabi/lib/thumb/v7e-m+dp/hard\libc_nano.a(libc_a-findfp.o) (_fwalk_sglue)
C:/ST/STM32CubeIDE_1.13.2/STM32CubeIDE/plugins/com.st.stm32cube.ide.mcu.externaltools.gnu-tools-for-stm32.11.3.rel1.win32_1.1.100.202309141235/tools/bin/../lib/gcc/arm-none-eabi/11.3.1/../../../../arm-none-eabi/lib/thumb/v7e-m+dp/hard\libc_nano.a(libc_a-stdio.o)
                              C:/ST/STM32CubeIDE_1.13.2/STM32CubeIDE/plugins/com.st.stm32cube.ide.mcu.externaltools.gnu-tools-for-stm32.11.3.rel1.win32_1.1.100.202309141235/tools/bin/../lib/gcc/arm-none-eabi/11.3.1/../../../../arm-none-eabi/lib/thumb/v7e-m+dp/hard\libc_nano.a(libc_a-findfp.o) (__sread)
C:/ST/STM32CubeIDE_1.13.2/STM32CubeIDE/plugins/com.st.stm32cube.ide.mcu.externaltools.gnu-tools-for-stm32.11.3.rel1.win32_1.1.100.202309141235/tools/bin/../lib/gcc/arm-none-eabi/11.3.1/../../../../arm-none-eabi/lib/thumb/v7e-m+dp/hard\libc_nano.a(libc_a-memset.o)
                              C:/ST/STM32CubeIDE_1.13.2/STM32CubeIDE/plugins/com.st.stm32cube.ide.mcu.externaltools.gnu-tools-for-stm32.11.3.rel1.win32_1.1.100.202309141235/tools/bin/../lib/gcc/arm-none-eabi/11.3.1/../../../../arm-none-eabi/lib/thumb/v7e-m+dp/hard/crt0.o (memset)
C:/ST/STM32CubeIDE_1.13.2/STM32CubeIDE/plugins/com.st.stm32cube.ide.mcu.externaltools.gnu-tools-for-stm32.11.3.rel1.win32_1.1.100.202309141235/tools/bin/../lib/gcc/arm-none-eabi/11.3.1/../../../../arm-none-eabi/lib/thumb/v7e-m+dp/hard\libc_nano.a(libc_a-closer.o)
                              C:/ST/STM32CubeIDE_1.13.2/STM32CubeIDE/plugins/com.st.stm32cube.ide.mcu.externaltools.gnu-tools-for-stm32.11.3.rel1.win32_1.1.100.202309141235/tools/bin/../lib/gcc/arm-none-eabi/11.3.1/../../../../arm-none-eabi/lib/thumb/v7e-m+dp/hard\libc_nano.a(libc_a-stdio.o) (_close_r)
C:/ST/STM32CubeIDE_1.13.2/STM32CubeIDE/plugins/com.st.stm32cube.ide.mcu.externaltools.gnu-tools-for-stm32.11.3.rel1.win32_1.1.100.202309141235/tools/bin/../lib/gcc/arm-none-eabi/11.3.1/../../../../arm-none-eabi/lib/thumb/v7e-m+dp/hard\libc_nano.a(libc_a-reent.o)
                              C:/ST/STM32CubeIDE_1.13.2/STM32CubeIDE/plugins/com.st.stm32cube.ide.mcu.externaltools.gnu-tools-for-stm32.11.3.rel1.win32_1.1.100.202309141235/tools/bin/../lib/gcc/arm-none-eabi/11.3.1/../../../../arm-none-eabi/lib/thumb/v7e-m+dp/hard\libc_nano.a(libc_a-closer.o) (errno)
C:/ST/STM32CubeIDE_1.13.2/STM32CubeIDE/plugins/com.st.stm32cube.ide.mcu.externaltools.gnu-tools-for-stm32.11.3.rel1.win32_1.1.100.202309141235/tools/bin/../lib/gcc/arm-none-eabi/11.3.1/../../../../arm-none-eabi/lib/thumb/v7e-m+dp/hard\libc_nano.a(libc_a-impure.o)
                              C:/ST/STM32CubeIDE_1.13.2/STM32CubeIDE/plugins/com.st.stm32cube.ide.mcu.externaltools.gnu-tools-for-stm32.11.3.rel1.win32_1.1.100.202309141235/tools/bin/../lib/gcc/arm-none-eabi/11.3.1/../../../../arm-none-eabi/lib/thumb/v7e-m+dp/hard\libc_nano.a(libc_a-reent.o) (_impure_ptr)
C:/ST/STM32CubeIDE_1.13.2/STM32CubeIDE/plugins/com.st.stm32cube.ide.mcu.externaltools.gnu-tools-for-stm32.11.3.rel1.win32_1.1.100.202309141235/tools/bin/../lib/gcc/arm-none-eabi/11.3.1/../../../../arm-none-eabi/lib/thumb/v7e-m+dp/hard\libc_nano.a(libc_a-lseekr.o)
[...]
Memory Configuration

Name             Origin             Length             Attributes
ITCMRAM          0x0000000000000000 0x0000000000010000 xrw
DTCMRAM          0x0000000020000000 0x0000000000020000 xrw
FLASH            0x0000000008000000 0x0000000000100000 xr
RAM_D1           0x0000000024000000 0x0000000000050000 xrw
RAM_D2           0x0000000030000000 0x0000000000008000 xrw
RAM_D3           0x0000000038000000 0x0000000000004000 xrw
*default*        0x0000000000000000 0xffffffffffffffff

Linker script and memory map

LOAD C:/ST/STM32CubeIDE_1.13.2/STM32CubeIDE/plugins/com.st.stm32cube.ide.mcu.externaltools.gnu-tools-for-stm32.11.3.rel1.win32_1.1.100.202309141235/tools/bin/../lib/gcc/arm-none-eabi/11.3.1/thumb/v7e-m+dp/hard/crti.o
LOAD C:/ST/STM32CubeIDE_1.13.2/STM32CubeIDE/plugins/com.st.stm32cube.ide.mcu.externaltools.gnu-tools-for-stm32.11.3.rel1.win32_1.1.100.202309141235/tools/bin/../lib/gcc/arm-none-eabi/11.3.1/thumb/v7e-m+dp/hard/crtbegin.o
LOAD C:/ST/STM32CubeIDE_1.13.2/STM32CubeIDE/plugins/com.st.stm32cube.ide.mcu.externaltools.gnu-tools-for-stm32.11.3.rel1.win32_1.1.100.202309141235/tools/bin/../lib/gcc/arm-none-eabi/11.3.1/../../../../arm-none-eabi/lib/thumb/v7e-m+dp/hard/crt0.o
LOAD ./Core/Src/main.o
LOAD ./Core/Src/stm32h7xx_hal_msp.o
LOAD ./Core/Src/stm32h7xx_it.o
LOAD ./Core/Src/syscalls.o
LOAD ./Core/Src/sysmem.o
LOAD ./Core/Src/system_stm32h7xx.o
LOAD ./Core/Startup/startup_stm32h733vgtx.o
LOAD ./Drivers/STM32H7xx_HAL_Driver/stm32h7xx_hal.o
LOAD ./Drivers/STM32H7xx_HAL_Driver/stm32h7xx_hal_cortex.o
LOAD ./Drivers/STM32H7xx_HAL_Driver/stm32h7xx_hal_dma.o
LOAD ./Drivers/STM32H7xx_HAL_Driver/stm32h7xx_hal_dma_ex.o
LOAD ./Drivers/STM32H7xx_HAL_Driver/stm32h7xx_hal_exti.o
LOAD ./Drivers/STM32H7xx_HAL_Driver/stm32h7xx_hal_flash.o
LOAD ./Drivers/STM32H7xx_HAL_Driver/stm32h7xx_hal_flash_ex.o
LOAD ./Drivers/STM32H7xx_HAL_Driver/stm32h7xx_hal_gpio.o
LOAD ./Drivers/STM32H7xx_HAL_Driver/stm32h7xx_hal_hsem.o
LOAD ./Drivers/STM32H7xx_HAL_Driver/stm32h7xx_hal_i2c.o
LOAD ./Drivers/STM32H7xx_HAL_Driver/stm32h7xx_hal_i2c_ex.o
LOAD ./Drivers/STM32H7xx_HAL_Driver/stm32h7xx_hal_mdma.o
LOAD ./Drivers/STM32H7xx_HAL_Driver/stm32h7xx_hal_pwr.o
LOAD ./Drivers/STM32H7xx_HAL_Driver/stm32h7xx_hal_pwr_ex.o
LOAD ./Drivers/STM32H7xx_HAL_Driver/stm32h7xx_hal_rcc.o
LOAD ./Drivers/STM32H7xx_HAL_Driver/stm32h7xx_hal_rcc_ex.o
LOAD ./Drivers/STM32H7xx_HAL_Driver/stm32h7xx_hal_tim.o
LOAD ./Drivers/STM32H7xx_HAL_Driver/stm32h7xx_hal_tim_ex.o
START GROUP
LOAD C:/ST/STM32CubeIDE_1.13.2/STM32CubeIDE/plugins/com.st.stm32cube.ide.mcu.externaltools.gnu-tools-for-stm32.11.3.rel1.win32_1.1.100.202309141235/tools/bin/../lib/gcc/arm-none-eabi/11.3.1/../../../../arm-none-eabi/lib/thumb/v7e-m+dp/hard\libc_nano.a
LOAD C:/ST/STM32CubeIDE_1.13.2/STM32CubeIDE/plugins/com.st.stm32cube.ide.mcu.externaltools.gnu-tools-for-stm32.11.3.rel1.win32_1.1.100.202309141235/tools/bin/../lib/gcc/arm-none-eabi/11.3.1/../../../../arm-none-eabi/lib/thumb/v7e-m+dp/hard\libm.a
END GROUP
START GROUP
LOAD C:/ST/STM32CubeIDE_1.13.2/STM32CubeIDE/plugins/com.st.stm32cube.ide.mcu.externaltools.gnu-tools-for-stm32.11.3.rel1.win32_1.1.100.202309141235/tools/bin/../lib/gcc/arm-none-eabi/11.3.1/thumb/v7e-m+dp/hard\libgcc.a
LOAD C:/ST/STM32CubeIDE_1.13.2/STM32CubeIDE/plugins/com.st.stm32cube.ide.mcu.externaltools.gnu-tools-for-stm32.11.3.rel1.win32_1.1.100.202309141235/tools/bin/../lib/gcc/arm-none-eabi/11.3.1/../../../../arm-none-eabi/lib/thumb/v7e-m+dp/hard\libc_nano.a
END GROUP
START GROUP
LOAD C:/ST/STM32CubeIDE_1.13.2/STM32CubeIDE/plugins/com.st.stm32cube.ide.mcu.externaltools.gnu-tools-for-stm32.11.3.rel1.win32_1.1.100.202309141235/tools/bin/../lib/gcc/arm-none-eabi/11.3.1/thumb/v7e-m+dp/hard\libgcc.a
LOAD C:/ST/STM32CubeIDE_1.13.2/STM32CubeIDE/plugins/com.st.stm32cube.ide.mcu.externaltools.gnu-tools-for-stm32.11.3.rel1.win32_1.1.100.202309141235/tools/bin/../lib/gcc/arm-none-eabi/11.3.1/../../../../arm-none-eabi/lib/thumb/v7e-m+dp/hard\libc_nano.a
LOAD C:/ST/STM32CubeIDE_1.13.2/STM32CubeIDE/plugins/com.st.stm32cube.ide.mcu.externaltools.gnu-tools-for-stm32.11.3.rel1.win32_1.1.100.202309141235/tools/bin/../lib/gcc/arm-none-eabi/11.3.1/../../../../arm-none-eabi/lib/thumb/v7e-m+dp/hard\libnosys.a
END GROUP
START GROUP
LOAD C:/ST/STM32CubeIDE_1.13.2/STM32CubeIDE/plugins/com.st.stm32cube.ide.mcu.externaltools.gnu-tools-for-stm32.11.3.rel1.win32_1.1.100.202309141235/tools/bin/../lib/gcc/arm-none-eabi/11.3.1/thumb/v7e-m+dp/hard\libgcc.a
LOAD C:/ST/STM32CubeIDE_1.13.2/STM32CubeIDE/plugins/com.st.stm32cube.ide.mcu.externaltools.gnu-tools-for-stm32.11.3.rel1.win32_1.1.100.202309141235/tools/bin/../lib/gcc/arm-none-eabi/11.3.1/../../../../arm-none-eabi/lib/thumb/v7e-m+dp/hard\libc_nano.a
LOAD C:/ST/STM32CubeIDE_1.13.2/STM32CubeIDE/plugins/com.st.stm32cube.ide.mcu.externaltools.gnu-tools-for-stm32.11.3.rel1.win32_1.1.100.202309141235/tools/bin/../lib/gcc/arm-none-eabi/11.3.1/../../../../arm-none-eabi/lib/thumb/v7e-m+dp/hard\libnosys.a
END GROUP
LOAD C:/ST/STM32CubeIDE_1.13.2/STM32CubeIDE/plugins/com.st.stm32cube.ide.mcu.externaltools.gnu-tools-for-stm32.11.3.rel1.win32_1.1.100.202309141235/tools/bin/../lib/gcc/arm-none-eabi/11.3.1/thumb/v7e-m+dp/hard/crtend.o
LOAD C:/ST/STM32CubeIDE_1.13.2/STM32CubeIDE/plugins/com.st.stm32cube.ide.mcu.externaltools.gnu-tools-for-stm32.11.3.rel1.win32_1.1.100.202309141235/tools/bin/../lib/gcc/arm-none-eabi/11.3.1/thumb/v7e-m+dp/hard/crtn.o
                0x0000000024050000                _estack = (ORIGIN (RAM_D1) + LENGTH (RAM_D1))
                0x0000000000000200                _Min_Heap_Size = 0x200
                0x0000000000000400                _Min_Stack_Size = 0x400

.isr_vector     0x0000000008000000      0x2cc
                0x0000000008000000                . = ALIGN (0x4)
 *(.isr_vector)
 .isr_vector    0x0000000008000000      0x2cc ./Core/Startup/startup_stm32h733vgtx.o
                0x0000000008000000                g_pfnVectors
                0x00000000080002cc                . = ALIGN (0x4)

.text           0x00000000080002cc     0x1614
                0x00000000080002cc                . = ALIGN (0x4)
 *(.text)
 .text          0x00000000080002cc       0x40 C:/ST/STM32CubeIDE_1.13.2/STM32CubeIDE/plugins/com.st.stm32cube.ide.mcu.externaltools.gnu-tools-for-stm32.11.3.rel1.win32_1.1.100.202309141235/tools/bin/../lib/gcc/arm-none-eabi/11.3.1/thumb/v7e-m+dp/hard/crtbegin.o
 *(.text*)
 .text.main     0x000000000800030c       0x12 ./Core/Src/main.o
                0x000000000800030c                main
 *fill*         0x000000000800031e        0x2 
 .text.SystemClock_Config
                0x0000000008000320       0xbc ./Core/Src/main.o
                0x0000000008000320                SystemClock_Config
 .text.MPU_Config
                0x00000000080003dc       0x58 ./Core/Src/main.o
 .text.Error_Handler
                0x0000000008000434        0xa ./Core/Src/main.o
                0x0000000008000434                Error_Handler
 *fill*         0x000000000800043e        0x2 
 .text.HAL_MspInit
                0x0000000008000440       0x34 ./Core/Src/stm32h7xx_hal_msp.o
                0x0000000008000440                HAL_MspInit
 .text.NMI_Handler
                0x0000000008000474        0x6 ./Core/Src/stm32h7xx_it.o
                0x0000000008000474                NMI_Handler
 .text.HardFault_Handler
                0x000000000800047a        0x6 ./Core/Src/stm32h7xx_it.o
                0x000000000800047a                HardFault_Handler
 .text.MemManage_Handler
                0x0000000008000480        0x6 ./Core/Src/stm32h7xx_it.o
                0x0000000008000480                MemManage_Handler
 .text.BusFault_Handler
                0x0000000008000486        0x6 ./Core/Src/stm32h7xx_it.o
                0x0000000008000486                BusFault_Handler
 .text.UsageFault_Handler
                0x000000000800048c        0x6 ./Core/Src/stm32h7xx_it.o
                0x000000000800048c                UsageFault_Handler
 .text.SVC_Handler
                0x0000000008000492        0xe ./Core/Src/stm32h7xx_it.o
                0x0000000008000492                SVC_Handler
 .text.DebugMon_Handler
                0x00000000080004a0        0xe ./Core/Src/stm32h7xx_it.o
                0x00000000080004a0                DebugMon_Handler
 .text.PendSV_Handler
                0x00000000080004ae        0xe ./Core/Src/stm32h7xx_it.o
                0x00000000080004ae                PendSV_Handler
 .text.SysTick_Handler
                0x00000000080004bc        0xc ./Core/Src/stm32h7xx_it.o
                0x00000000080004bc                SysTick_Handler
 .text.SystemInit
                0x00000000080004c8       0xf0 ./Core/Src/system_stm32h7xx.o
                0x00000000080004c8                SystemInit
 .text.Reset_Handler
                0x00000000080005b8       0x50 ./Core/Startup/startup_stm32h733vgtx.o
                0x00000000080005b8                Reset_Handler
 .text.Default_Handler
                0x0000000008000608        0x2 ./Core/Startup/startup_stm32h733vgtx.o
                0x0000000008000608                RTC_Alarm_IRQHandler
                0x0000000008000608                HASH_RNG_IRQHandler
                0x0000000008000608                EXTI2_IRQHandler
                0x0000000008000608                TIM8_CC_IRQHandler
                0x0000000008000608                UART8_IRQHandler
                0x0000000008000608                SPI4_IRQHandler
                0x0000000008000608                FDCAN3_IT0_IRQHandler
                0x0000000008000608                TIM1_CC_IRQHandler
                0x0000000008000608                BDMA_Channel6_IRQHandler
                0x0000000008000608                DMA2_Stream5_IRQHandler
                0x0000000008000608                DMA1_Stream5_IRQHandler
                0x0000000008000608                CORDIC_IRQHandler
                0x0000000008000608                BDMA_Channel1_IRQHandler
                0x0000000008000608                TAMP_STAMP_IRQHandler
                0x0000000008000608                EXTI3_IRQHandler
                0x0000000008000608                LPTIM4_IRQHandler
                0x0000000008000608                TIM8_TRG_COM_TIM14_IRQHandler
                0x0000000008000608                LPTIM2_IRQHandler
                0x0000000008000608                DFSDM1_FLT1_IRQHandler
                0x0000000008000608                DMAMUX2_OVR_IRQHandler
                0x0000000008000608                TIM8_UP_TIM13_IRQHandler
                0x0000000008000608                I2C3_ER_IRQHandler
                0x0000000008000608                DFSDM1_FLT2_IRQHandler
                0x0000000008000608                I2C5_EV_IRQHandler
                0x0000000008000608                USART10_IRQHandler
                0x0000000008000608                MDMA_IRQHandler
                0x0000000008000608                LPTIM3_IRQHandler
                0x0000000008000608                HSEM1_IRQHandler
                0x0000000008000608                EXTI0_IRQHandler
                0x0000000008000608                I2C2_EV_IRQHandler
                0x0000000008000608                DMA1_Stream2_IRQHandler
                0x0000000008000608                FPU_IRQHandler
                0x0000000008000608                OTG_HS_WKUP_IRQHandler
                0x0000000008000608                FDCAN1_IT1_IRQHandler
                0x0000000008000608                LTDC_ER_IRQHandler
                0x0000000008000608                DMA2_Stream2_IRQHandler
                0x0000000008000608                SPI1_IRQHandler
                0x0000000008000608                OCTOSPI1_IRQHandler
                0x0000000008000608                TIM6_DAC_IRQHandler
                0x0000000008000608                DMA2_Stream3_IRQHandler
                0x0000000008000608                OCTOSPI2_IRQHandler
                0x0000000008000608                DFSDM1_FLT3_IRQHandler
                0x0000000008000608                TIM23_IRQHandler
                0x0000000008000608                USART6_IRQHandler
                0x0000000008000608                TIM17_IRQHandler
                0x0000000008000608                USART3_IRQHandler
                0x0000000008000608                BDMA_Channel7_IRQHandler
                0x0000000008000608                CRYP_IRQHandler
                0x0000000008000608                LPTIM5_IRQHandler
                0x0000000008000608                UART5_IRQHandler
                0x0000000008000608                ADC3_IRQHandler
                0x0000000008000608                DMA2_Stream0_IRQHandler
                0x0000000008000608                TIM4_IRQHandler
                0x0000000008000608                BDMA_Channel2_IRQHandler
                0x0000000008000608                I2C1_EV_IRQHandler
                0x0000000008000608                DMA1_Stream6_IRQHandler
                0x0000000008000608                DMAMUX1_OVR_IRQHandler
                0x0000000008000608                DMA1_Stream1_IRQHandler
                0x0000000008000608                TIM16_IRQHandler
                0x0000000008000608                UART4_IRQHandler
                0x0000000008000608                BDMA_Channel5_IRQHandler
                0x0000000008000608                TIM3_IRQHandler
                0x0000000008000608                RCC_IRQHandler
                0x0000000008000608                UART9_IRQHandler
                0x0000000008000608                TIM8_BRK_TIM12_IRQHandler
                0x0000000008000608                TIM1_TRG_COM_IRQHandler
                0x0000000008000608                Default_Handler
                0x0000000008000608                ECC_IRQHandler
                0x0000000008000608                FMAC_IRQHandler
                0x0000000008000608                CEC_IRQHandler
                0x0000000008000608                EXTI15_10_IRQHandler
                0x0000000008000608                BDMA_Channel0_IRQHandler
                0x0000000008000608                ADC_IRQHandler
                0x0000000008000608                I2C5_ER_IRQHandler
                0x0000000008000608                OTFDEC1_IRQHandler
                0x0000000008000608                DMA1_Stream7_IRQHandler
                0x0000000008000608                SPI5_IRQHandler
                0x0000000008000608                TIM7_IRQHandler
                0x0000000008000608                FDCAN3_IT1_IRQHandler
                0x0000000008000608                SDMMC1_IRQHandler
                0x0000000008000608                TIM5_IRQHandler
                0x0000000008000608                DMA2_Stream7_IRQHandler
                0x0000000008000608                TIM15_IRQHandler
                0x0000000008000608                PVD_AVD_IRQHandler
                0x0000000008000608                I2C3_EV_IRQHandler
                0x0000000008000608                EXTI9_5_IRQHandler
                0x0000000008000608                RTC_WKUP_IRQHandler
                0x0000000008000608                LTDC_IRQHandler
                0x0000000008000608                ETH_WKUP_IRQHandler
                0x0000000008000608                SPDIF_RX_IRQHandler
                0x0000000008000608                SPI2_IRQHandler
                0x0000000008000608                OTG_HS_EP1_IN_IRQHandler
                0x0000000008000608                DMA1_Stream0_IRQHandler
                0x0000000008000608                OTFDEC2_IRQHandler
                0x0000000008000608                TIM24_IRQHandler
                0x0000000008000608                CRS_IRQHandler
                0x0000000008000608                EXTI4_IRQHandler
                0x0000000008000608                FDCAN2_IT1_IRQHandler
                0x0000000008000608                ETH_IRQHandler
                0x0000000008000608                TIM1_UP_IRQHandler
                0x0000000008000608                BDMA_Channel4_IRQHandler
                0x0000000008000608                OTG_HS_EP1_OUT_IRQHandler
                0x0000000008000608                WWDG_IRQHandler
                0x0000000008000608                SPI6_IRQHandler
                0x0000000008000608                MDIOS_IRQHandler
                0x0000000008000608                I2C4_EV_IRQHandler
                0x0000000008000608                FDCAN2_IT0_IRQHandler
                0x0000000008000608                LPUART1_IRQHandler
                0x0000000008000608                FDCAN1_IT0_IRQHandler
                0x0000000008000608                TIM2_IRQHandler
                0x0000000008000608                OTG_HS_IRQHandler
                0x0000000008000608                DMA2D_IRQHandler
                0x0000000008000608                TIM1_BRK_IRQHandler
                0x0000000008000608                EXTI1_IRQHandler
                0x0000000008000608                SDMMC2_IRQHandler
                0x0000000008000608                BDMA_Channel3_IRQHandler
                0x0000000008000608                DTS_IRQHandler
                0x0000000008000608                UART7_IRQHandler
                0x0000000008000608                MDIOS_WKUP_IRQHandler
                0x0000000008000608                USART2_IRQHandler
                0x0000000008000608                DFSDM1_FLT0_IRQHandler
                0x0000000008000608                SAI4_IRQHandler
                0x0000000008000608                I2C2_ER_IRQHandler
                0x0000000008000608                DMA2_Stream1_IRQHandler
                0x0000000008000608                FLASH_IRQHandler
                0x0000000008000608                DMA2_Stream4_IRQHandler
                0x0000000008000608                USART1_IRQHandler
                0x0000000008000608                SPI3_IRQHandler
                0x0000000008000608                WAKEUP_PIN_IRQHandler
                0x0000000008000608                DMA1_Stream4_IRQHandler
                0x0000000008000608                I2C1_ER_IRQHandler
                0x0000000008000608                FMC_IRQHandler
                0x0000000008000608                FDCAN_CAL_IRQHandler
                0x0000000008000608                SWPMI1_IRQHandler
                0x0000000008000608                COMP1_IRQHandler
                0x0000000008000608                LPTIM1_IRQHandler
                0x0000000008000608                DCMI_PSSI_IRQHandler
                0x0000000008000608                I2C4_ER_IRQHandler
                0x0000000008000608                DMA2_Stream6_IRQHandler
                0x0000000008000608                SAI1_IRQHandler
                0x0000000008000608                DMA1_Stream3_IRQHandler
 *fill*         0x000000000800060a        0x2 
 .text.HAL_Init
                0x000000000800060c       0x78 ./Drivers/STM32H7xx_HAL_Driver/stm32h7xx_hal.o
                0x000000000800060c                HAL_Init
 .text.HAL_InitTick
                0x0000000008000684       0x6c ./Drivers/STM32H7xx_HAL_Driver/stm32h7xx_hal.o
                0x0000000008000684                HAL_InitTick
 .text.HAL_IncTick
                0x00000000080006f0       0x28 ./Drivers/STM32H7xx_HAL_Driver/stm32h7xx_hal.o
                0x00000000080006f0                HAL_IncTick
 .text.HAL_GetTick
                0x0000000008000718       0x18 ./Drivers/STM32H7xx_HAL_Driver/stm32h7xx_hal.o
                0x0000000008000718                HAL_GetTick
 .text.__NVIC_SetPriorityGrouping
                0x0000000008000730       0x48 ./Drivers/STM32H7xx_HAL_Driver/stm32h7xx_hal_cortex.o
 .text.__NVIC_GetPriorityGrouping
                0x0000000008000778       0x1c ./Drivers/STM32H7xx_HAL_Driver/stm32h7xx_hal_cortex.o
 .text.__NVIC_SetPriority
                0x0000000008000794       0x54 ./Drivers/STM32H7xx_HAL_Driver/stm32h7xx_hal_cortex.o
 .text.NVIC_EncodePriority
                0x00000000080007e8       0x66 ./Drivers/STM32H7xx_HAL_Driver/stm32h7xx_hal_cortex.o
 *fill*         0x000000000800084e        0x2 
 .text.SysTick_Config
                0x0000000008000850       0x44 ./Drivers/STM32H7xx_HAL_Driver/stm32h7xx_hal_cortex.o
 .text.HAL_NVIC_SetPriorityGrouping
                0x0000000008000894       0x16 ./Drivers/STM32H7xx_HAL_Driver/stm32h7xx_hal_cortex.o
                0x0000000008000894                HAL_NVIC_SetPriorityGrouping
 .text.HAL_NVIC_SetPriority
                0x00000000080008aa       0x34 ./Drivers/STM32H7xx_HAL_Driver/stm32h7xx_hal_cortex.o
                0x00000000080008aa                HAL_NVIC_SetPriority
 .text.HAL_SYSTICK_Config
                0x00000000080008de       0x18 ./Drivers/STM32H7xx_HAL_Driver/stm32h7xx_hal_cortex.o
                0x00000000080008de                HAL_SYSTICK_Config
 *fill*         0x00000000080008f6        0x2 
 .text.HAL_MPU_Disable
                0x00000000080008f8       0x30 ./Drivers/STM32H7xx_HAL_Driver/stm32h7xx_hal_cortex.o
                0x00000000080008f8                HAL_MPU_Disable
 .text.HAL_MPU_Enable
                0x0000000008000928       0x40 ./Drivers/STM32H7xx_HAL_Driver/stm32h7xx_hal_cortex.o
                0x0000000008000928                HAL_MPU_Enable
 .text.HAL_MPU_ConfigRegion
                0x0000000008000968       0x80 ./Drivers/STM32H7xx_HAL_Driver/stm32h7xx_hal_cortex.o
                0x0000000008000968                HAL_MPU_ConfigRegion
 .text.HAL_PWREx_ConfigSupply
                0x00000000080009e8       0x74 ./Drivers/STM32H7xx_HAL_Driver/stm32h7xx_hal_pwr_ex.o
                0x00000000080009e8                HAL_PWREx_ConfigSupply
 .text.HAL_RCC_OscConfig
                0x0000000008000a5c      0x7b4 ./Drivers/STM32H7xx_HAL_Driver/stm32h7xx_hal_rcc.o
                0x0000000008000a5c                HAL_RCC_OscConfig
 .text.HAL_RCC_ClockConfig
                0x0000000008001210      0x36c ./Drivers/STM32H7xx_HAL_Driver/stm32h7xx_hal_rcc.o
                0x0000000008001210                HAL_RCC_ClockConfig
 .text.HAL_RCC_GetSysClockFreq
                0x000000000800157c      0x2f4 ./Drivers/STM32H7xx_HAL_Driver/stm32h7xx_hal_rcc.o
                0x000000000800157c                HAL_RCC_GetSysClockFreq
 .text.memset   0x0000000008001870       0x10 C:/ST/STM32CubeIDE_1.13.2/STM32CubeIDE/plugins/com.st.stm32cube.ide.mcu.externaltools.gnu-tools-for-stm32.11.3.rel1.win32_1.1.100.202309141235/tools/bin/../lib/gcc/arm-none-eabi/11.3.1/../../../../arm-none-eabi/lib/thumb/v7e-m+dp/hard\libc_nano.a(libc_a-memset.o)
                0x0000000008001870                memset
 .text.__libc_init_array
                0x0000000008001880       0x48 C:/ST/STM32CubeIDE_1.13.2/STM32CubeIDE/plugins/com.st.stm32cube.ide.mcu.externaltools.gnu-tools-for-stm32.11.3.rel1.win32_1.1.100.202309141235/tools/bin/../lib/gcc/arm-none-eabi/11.3.1/../../../../arm-none-eabi/lib/thumb/v7e-m+dp/hard\libc_nano.a(libc_a-init.o)
                0x0000000008001880                __libc_init_array
 *(.glue_7)
 .glue_7        0x00000000080018c8        0x0 linker stubs
 *(.glue_7t)
 .glue_7t       0x00000000080018c8        0x0 linker stubs
 *(.eh_frame)
 .eh_frame      0x00000000080018c8        0x0 C:/ST/STM32CubeIDE_1.13.2/STM32CubeIDE/plugins/com.st.stm32cube.ide.mcu.externaltools.gnu-tools-for-stm32.11.3.rel1.win32_1.1.100.202309141235/tools/bin/../lib/gcc/arm-none-eabi/11.3.1/thumb/v7e-m+dp/hard/crtbegin.o
 *(.init)
 .init          0x00000000080018c8        0x4 C:/ST/STM32CubeIDE_1.13.2/STM32CubeIDE/plugins/com.st.stm32cube.ide.mcu.externaltools.gnu-tools-for-stm32.11.3.rel1.win32_1.1.100.202309141235/tools/bin/../lib/gcc/arm-none-eabi/11.3.1/thumb/v7e-m+dp/hard/crti.o
                0x00000000080018c8                _init
 .init          0x00000000080018cc        0x8 C:/ST/STM32CubeIDE_1.13.2/STM32CubeIDE/plugins/com.st.stm32cube.ide.mcu.externaltools.gnu-tools-for-stm32.11.3.rel1.win32_1.1.100.202309141235/tools/bin/../lib/gcc/arm-none-eabi/11.3.1/thumb/v7e-m+dp/hard/crtn.o
 *(.fini)
 .fini          0x00000000080018d4        0x4 C:/ST/STM32CubeIDE_1.13.2/STM32CubeIDE/plugins/com.st.stm32cube.ide.mcu.externaltools.gnu-tools-for-stm32.11.3.rel1.win32_1.1.100.202309141235/tools/bin/../lib/gcc/arm-none-eabi/11.3.1/thumb/v7e-m+dp/hard/crti.o
                0x00000000080018d4                _fini
 .fini          0x00000000080018d8        0x8 C:/ST/STM32CubeIDE_1.13.2/STM32CubeIDE/plugins/com.st.stm32cube.ide.mcu.externaltools.gnu-tools-for-stm32.11.3.rel1.win32_1.1.100.202309141235/tools/bin/../lib/gcc/arm-none-eabi/11.3.1/thumb/v7e-m+dp/hard/crtn.o
                0x00000000080018e0                . = ALIGN (0x4)
                0x00000000080018e0                _etext = .

.vfp11_veneer   0x00000000080018e0        0x0
 .vfp11_veneer  0x00000000080018e0        0x0 linker stubs

.v4_bx          0x00000000080018e0        0x0
 .v4_bx         0x00000000080018e0        0x0 linker stubs

.iplt           0x00000000080018e0        0x0
 .iplt          0x00000000080018e0        0x0 C:/ST/STM32CubeIDE_1.13.2/STM32CubeIDE/plugins/com.st.stm32cube.ide.mcu.externaltools.gnu-tools-for-stm32.11.3.rel1.win32_1.1.100.202309141235/tools/bin/../lib/gcc/arm-none-eabi/11.3.1/thumb/v7e-m+dp/hard/crtbegin.o

.rodata         0x00000000080018e0       0x10
                0x00000000080018e0                . = ALIGN (0x4)
 *(.rodata)
 *(.rodata*)
 .rodata.D1CorePrescTable
                0x00000000080018e0       0x10 ./Core/Src/system_stm32h7xx.o
                0x00000000080018e0                D1CorePrescTable
                0x00000000080018f0                . = ALIGN (0x4)

.rel.dyn        0x00000000080018f0        0x0
 .rel.iplt      0x00000000080018f0        0x0 C:/ST/STM32CubeIDE_1.13.2/STM32CubeIDE/plugins/com.st.stm32cube.ide.mcu.externaltools.gnu-tools-for-stm32.11.3.rel1.win32_1.1.100.202309141235/tools/bin/../lib/gcc/arm-none-eabi/11.3.1/thumb/v7e-m+dp/hard/crtbegin.o

.ARM.extab
 *(.ARM.extab* .gnu.linkonce.armextab.*)

.ARM            0x00000000080018f0        0x0
                0x00000000080018f0                __exidx_start = .
 *(.ARM.exidx*)
                0x00000000080018f0                __exidx_end = .

.preinit_array  0x00000000080018f0        0x0
                0x00000000080018f0                PROVIDE (__preinit_array_start = .)
 *(.preinit_array*)
                0x00000000080018f0                PROVIDE (__preinit_array_end = .)

.init_array     0x00000000080018f0        0x4
                0x00000000080018f0                PROVIDE (__init_array_start = .)
 *(SORT_BY_NAME(.init_array.*))
 *(.init_array*)
 .init_array    0x00000000080018f0        0x4 C:/ST/STM32CubeIDE_1.13.2/STM32CubeIDE/plugins/com.st.stm32cube.ide.mcu.externaltools.gnu-tools-for-stm32.11.3.rel1.win32_1.1.100.202309141235/tools/bin/../lib/gcc/arm-none-eabi/11.3.1/thumb/v7e-m+dp/hard/crtbegin.o
                0x00000000080018f4                PROVIDE (__init_array_end = .)

.fini_array     0x00000000080018f4        0x4
                [!provide]                        PROVIDE (__fini_array_start = .)
 *(SORT_BY_NAME(.fini_array.*))
 *(.fini_array*)
 .fini_array    0x00000000080018f4        0x4 C:/ST/STM32CubeIDE_1.13.2/STM32CubeIDE/plugins/com.st.stm32cube.ide.mcu.externaltools.gnu-tools-for-stm32.11.3.rel1.win32_1.1.100.202309141235/tools/bin/../lib/gcc/arm-none-eabi/11.3.1/thumb/v7e-m+dp/hard/crtbegin.o
                [!provide]                        PROVIDE (__fini_array_end = .)
                0x00000000080018f8                _sidata = LOADADDR (.data)

.data           0x0000000024000000       0x10 load address 0x00000000080018f8
                0x0000000024000000                . = ALIGN (0x4)
                0x0000000024000000                _sdata = .
 *(.data)
 *(.data*)
 .data.SystemCoreClock
                0x0000000024000000        0x4 ./Core/Src/system_stm32h7xx.o
                0x0000000024000000                SystemCoreClock
 .data.SystemD2Clock
                0x0000000024000004        0x4 ./Core/Src/system_stm32h7xx.o
                0x0000000024000004                SystemD2Clock
 .data.uwTickPrio
                0x0000000024000008        0x4 ./Drivers/STM32H7xx_HAL_Driver/stm32h7xx_hal.o
                0x0000000024000008                uwTickPrio
 .data.uwTickFreq
                0x000000002400000c        0x1 ./Drivers/STM32H7xx_HAL_Driver/stm32h7xx_hal.o
                0x000000002400000c                uwTickFreq
 *(.RamFunc)
 *(.RamFunc*)
                0x0000000024000010                . = ALIGN (0x4)
 *fill*         0x000000002400000d        0x3 
                0x0000000024000010                _edata = .

.igot.plt       0x0000000024000010        0x0 load address 0x0000000008001908
 .igot.plt      0x0000000024000010        0x0 C:/ST/STM32CubeIDE_1.13.2/STM32CubeIDE/plugins/com.st.stm32cube.ide.mcu.externaltools.gnu-tools-for-stm32.11.3.rel1.win32_1.1.100.202309141235/tools/bin/../lib/gcc/arm-none-eabi/11.3.1/thumb/v7e-m+dp/hard/crtbegin.o
                0x0000000024000010                . = ALIGN (0x4)

.bss            0x0000000024000010       0x20 load address 0x0000000008001908
                0x0000000024000010                _sbss = .
                0x0000000024000010                __bss_start__ = _sbss
 *(.bss)
 .bss           0x0000000024000010       0x1c C:/ST/STM32CubeIDE_1.13.2/STM32CubeIDE/plugins/com.st.stm32cube.ide.mcu.externaltools.gnu-tools-for-stm32.11.3.rel1.win32_1.1.100.202309141235/tools/bin/../lib/gcc/arm-none-eabi/11.3.1/thumb/v7e-m+dp/hard/crtbegin.o
 *(.bss*)
 .bss.uwTick    0x000000002400002c        0x4 ./Drivers/STM32H7xx_HAL_Driver/stm32h7xx_hal.o
                0x000000002400002c                uwTick
 *(COMMON)
                0x0000000024000030                . = ALIGN (0x4)
                0x0000000024000030                _ebss = .
                0x0000000024000030                __bss_end__ = _ebss

._user_heap_stack
                0x0000000024000030      0x600 load address 0x0000000008001908
                0x0000000024000030                . = ALIGN (0x8)
                [!provide]                        PROVIDE (end = .)
                0x0000000024000030                PROVIDE (_end = .)
                0x0000000024000230                . = (. + _Min_Heap_Size)
 *fill*         0x0000000024000030      0x200 
                0x0000000024000630                . = (. + _Min_Stack_Size)
 *fill*         0x0000000024000230      0x400 
                0x0000000024000630                . = ALIGN (0x8)

/DISCARD/
 libc.a(*)
 libm.a(*)
 libgcc.a(*)

.ARM.attributes
                0x0000000000000000       0x2e
 *(.ARM.attributes)
 .ARM.attributes
                0x0000000000000000       0x1e C:/ST/STM32CubeIDE_1.13.2/STM32CubeIDE/plugins/com.st.stm32cube.ide.mcu.externaltools.gnu-tools-for-stm32.11.3.rel1.win32_1.1.100.202309141235/tools/bin/../lib/gcc/arm-none-eabi/11.3.1/thumb/v7e-m+dp/hard/crti.o
 .ARM.attributes
                0x000000000000001e       0x32 C:/ST/STM32CubeIDE_1.13.2/STM32CubeIDE/plugins/com.st.stm32cube.ide.mcu.externaltools.gnu-tools-for-stm32.11.3.rel1.win32_1.1.100.202309141235/tools/bin/../lib/gcc/arm-none-eabi/11.3.1/thumb/v7e-m+dp/hard/crtbegin.o
 .ARM.attributes
                0x0000000000000050       0x32 ./Core/Src/main.o
 .ARM.attributes
                0x0000000000000082       0x32 ./Core/Src/stm32h7xx_hal_msp.o
 .ARM.attributes
                0x00000000000000b4       0x32 ./Core/Src/stm32h7xx_it.o
 .ARM.attributes
                0x00000000000000e6       0x32 ./Core/Src/system_stm32h7xx.o
 .ARM.attributes
                0x0000000000000118       0x21 ./Core/Startup/startup_stm32h733vgtx.o
 .ARM.attributes
                0x0000000000000139       0x32 ./Drivers/STM32H7xx_HAL_Driver/stm32h7xx_hal.o
 .ARM.attributes
                0x000000000000016b       0x32 ./Drivers/STM32H7xx_HAL_Driver/stm32h7xx_hal_cortex.o
 .ARM.attributes
                0x000000000000019d       0x32 ./Drivers/STM32H7xx_HAL_Driver/stm32h7xx_hal_pwr_ex.o
 .ARM.attributes
                0x00000000000001cf       0x32 ./Drivers/STM32H7xx_HAL_Driver/stm32h7xx_hal_rcc.o
 .ARM.attributes
                0x0000000000000201       0x32 C:/ST/STM32CubeIDE_1.13.2/STM32CubeIDE/plugins/com.st.stm32cube.ide.mcu.externaltools.gnu-tools-for-stm32.11.3.rel1.win32_1.1.100.202309141235/tools/bin/../lib/gcc/arm-none-eabi/11.3.1/../../../../arm-none-eabi/lib/thumb/v7e-m+dp/hard\libc_nano.a(libc_a-memset.o)
 .ARM.attributes
                0x0000000000000233       0x32 C:/ST/STM32CubeIDE_1.13.2/STM32CubeIDE/plugins/com.st.stm32cube.ide.mcu.externaltools.gnu-tools-for-stm32.11.3.rel1.win32_1.1.100.202309141235/tools/bin/../lib/gcc/arm-none-eabi/11.3.1/../../../../arm-none-eabi/lib/thumb/v7e-m+dp/hard\libc_nano.a(libc_a-init.o)
 .ARM.attributes
                0x0000000000000265       0x1e C:/ST/STM32CubeIDE_1.13.2/STM32CubeIDE/plugins/com.st.stm32cube.ide.mcu.externaltools.gnu-tools-for-stm32.11.3.rel1.win32_1.1.100.202309141235/tools/bin/../lib/gcc/arm-none-eabi/11.3.1/thumb/v7e-m+dp/hard/crtn.o
OUTPUT(QuadrunaBMS.elf elf32-littlearm)
LOAD linker stubs
LOAD C:/ST/STM32CubeIDE_1.13.2/STM32CubeIDE/plugins/com.st.stm32cube.ide.mcu.externaltools.gnu-tools-for-stm32.11.3.rel1.win32_1.1.100.202309141235/tools/bin/../lib/gcc/arm-none-eabi/11.3.1/../../../../arm-none-eabi/lib/thumb/v7e-m+dp/hard\libc.a
LOAD C:/ST/STM32CubeIDE_1.13.2/STM32CubeIDE/plugins/com.st.stm32cube.ide.mcu.externaltools.gnu-tools-for-stm32.11.3.rel1.win32_1.1.100.202309141235/tools/bin/../lib/gcc/arm-none-eabi/11.3.1/../../../../arm-none-eabi/lib/thumb/v7e-m+dp/hard\libm.a
LOAD C:/ST/STM32CubeIDE_1.13.2/STM32CubeIDE/plugins/com.st.stm32cube.ide.mcu.externaltools.gnu-tools-for-stm32.11.3.rel1.win32_1.1.100.202309141235/tools/bin/../lib/gcc/arm-none-eabi/11.3.1/thumb/v7e-m+dp/hard\libgcc.a

.comment        0x0000000000000000       0x43
 .comment       0x0000000000000000       0x43 C:/ST/STM32CubeIDE_1.13.2/STM32CubeIDE/plugins/com.st.stm32cube.ide.mcu.externaltools.gnu-tools-for-stm32.11.3.rel1.win32_1.1.100.202309141235/tools/bin/../lib/gcc/arm-none-eabi/11.3.1/thumb/v7e-m+dp/hard/crtbegin.o
                                         0x44 (size before relaxing)
 .comment       0x0000000000000043       0x44 ./Core/Src/main.o
 .comment       0x0000000000000043       0x44 ./Core/Src/stm32h7xx_hal_msp.o
 .comment       0x0000000000000043       0x44 ./Core/Src/stm32h7xx_it.o
 .comment       0x0000000000000043       0x44 ./Core/Src/system_stm32h7xx.o
 .comment       0x0000000000000043       0x44 ./Drivers/STM32H7xx_HAL_Driver/stm32h7xx_hal.o
 .comment       0x0000000000000043       0x44 ./Drivers/STM32H7xx_HAL_Driver/stm32h7xx_hal_cortex.o
 .comment       0x0000000000000043       0x44 ./Drivers/STM32H7xx_HAL_Driver/stm32h7xx_hal_pwr_ex.o
 .comment       0x0000000000000043       0x44 ./Drivers/STM32H7xx_HAL_Driver/stm32h7xx_hal_rcc.o

.debug_info     0x0000000000000000     0x5897
 .debug_info    0x0000000000000000      0x527 ./Core/Src/main.o
 .debug_info    0x0000000000000527      0x464 ./Core/Src/stm32h7xx_hal_msp.o
 .debug_info    0x000000000000098b      0x128 ./Core/Src/stm32h7xx_it.o
 .debug_info    0x0000000000000ab3      0xb2e ./Core/Src/system_stm32h7xx.o
 .debug_info    0x00000000000015e1       0x23 ./Core/Startup/startup_stm32h733vgtx.o
 .debug_info    0x0000000000001604     0x16aa ./Drivers/STM32H7xx_HAL_Driver/stm32h7xx_hal.o
 .debug_info    0x0000000000002cae     0x10b2 ./Drivers/STM32H7xx_HAL_Driver/stm32h7xx_hal_cortex.o
 .debug_info    0x0000000000003d60      0xdc4 ./Drivers/STM32H7xx_HAL_Driver/stm32h7xx_hal_pwr_ex.o
 .debug_info    0x0000000000004b24      0xd73 ./Drivers/STM32H7xx_HAL_Driver/stm32h7xx_hal_rcc.o

.debug_abbrev   0x0000000000000000      0xf9a
 .debug_abbrev  0x0000000000000000      0x1e3 ./Core/Src/main.o
 .debug_abbrev  0x00000000000001e3       0xdb ./Core/Src/stm32h7xx_hal_msp.o
 .debug_abbrev  0x00000000000002be       0x73 ./Core/Src/stm32h7xx_it.o
 .debug_abbrev  0x0000000000000331      0x13a ./Core/Src/system_stm32h7xx.o
 .debug_abbrev  0x000000000000046b       0x12 ./Core/Startup/startup_stm32h733vgtx.o
 .debug_abbrev  0x000000000000047d      0x29e ./Drivers/STM32H7xx_HAL_Driver/stm32h7xx_hal.o
 .debug_abbrev  0x000000000000071b      0x339 ./Drivers/STM32H7xx_HAL_Driver/stm32h7xx_hal_cortex.o
 .debug_abbrev  0x0000000000000a54      0x295 ./Drivers/STM32H7xx_HAL_Driver/stm32h7xx_hal_pwr_ex.o
 .debug_abbrev  0x0000000000000ce9      0x2b1 ./Drivers/STM32H7xx_HAL_Driver/stm32h7xx_hal_rcc.o

.debug_aranges  0x0000000000000000      0x5d0
 .debug_aranges
                0x0000000000000000       0x38 ./Core/Src/main.o
 .debug_aranges
                0x0000000000000038       0x20 ./Core/Src/stm32h7xx_hal_msp.o
 .debug_aranges
                0x0000000000000058       0x60 ./Core/Src/stm32h7xx_it.o
 .debug_aranges
                0x00000000000000b8       0x28 ./Core/Src/system_stm32h7xx.o
 .debug_aranges
                0x00000000000000e0       0x28 ./Core/Startup/startup_stm32h733vgtx.o
 .debug_aranges
                0x0000000000000108      0x1c8 ./Drivers/STM32H7xx_HAL_Driver/stm32h7xx_hal.o
 .debug_aranges
                0x00000000000002d0      0x130 ./Drivers/STM32H7xx_HAL_Driver/stm32h7xx_hal_cortex.o
 .debug_aranges
                0x0000000000000400      0x148 ./Drivers/STM32H7xx_HAL_Driver/stm32h7xx_hal_pwr_ex.o
 .debug_aranges
                0x0000000000000548       0x88 ./Drivers/STM32H7xx_HAL_Driver/stm32h7xx_hal_rcc.o

.debug_rnglists
                0x0000000000000000      0x442
 .debug_rnglists
                0x0000000000000000       0x26 ./Core/Src/main.o
 .debug_rnglists
                0x0000000000000026       0x13 ./Core/Src/stm32h7xx_hal_msp.o
 .debug_rnglists
                0x0000000000000039       0x43 ./Core/Src/stm32h7xx_it.o
 .debug_rnglists
                0x000000000000007c       0x1b ./Core/Src/system_stm32h7xx.o
 .debug_rnglists
                0x0000000000000097       0x19 ./Core/Startup/startup_stm32h733vgtx.o
 .debug_rnglists
                0x00000000000000b0      0x155 ./Drivers/STM32H7xx_HAL_Driver/stm32h7xx_hal.o
 .debug_rnglists
                0x0000000000000205       0xe0 ./Drivers/STM32H7xx_HAL_Driver/stm32h7xx_hal_cortex.o
 .debug_rnglists
                0x00000000000002e5       0xf5 ./Drivers/STM32H7xx_HAL_Driver/stm32h7xx_hal_pwr_ex.o
 .debug_rnglists
                0x00000000000003da       0x68 ./Drivers/STM32H7xx_HAL_Driver/stm32h7xx_hal_rcc.o

.debug_macro    0x0000000000000000    0x30847
 .debug_macro   0x0000000000000000      0x28a ./Core/Src/main.o
 .debug_macro   0x000000000000028a      0xac0 ./Core/Src/main.o
 .debug_macro   0x0000000000000d4a      0x22c ./Core/Src/main.o
 .debug_macro   0x0000000000000f76       0x2e ./Core/Src/main.o
 .debug_macro   0x0000000000000fa4       0x3b ./Core/Src/main.o
 .debug_macro   0x0000000000000fdf       0x22 ./Core/Src/main.o
 .debug_macro   0x0000000000001001       0x8e ./Core/Src/main.o
 .debug_macro   0x000000000000108f       0x51 ./Core/Src/main.o
 .debug_macro   0x00000000000010e0      0x103 ./Core/Src/main.o
 .debug_macro   0x00000000000011e3       0x6a ./Core/Src/main.o
 .debug_macro   0x000000000000124d      0x1df ./Core/Src/main.o
 .debug_macro   0x000000000000142c       0x1c ./Core/Src/main.o
 .debug_macro   0x0000000000001448       0x22 ./Core/Src/main.o
 .debug_macro   0x000000000000146a       0xfb ./Core/Src/main.o
 .debug_macro   0x0000000000001565     0x1305 ./Core/Src/main.o
 .debug_macro   0x000000000000286a      0x11f ./Core/Src/main.o
 .debug_macro   0x0000000000002989       0x27 ./Core/Src/main.o
 .debug_macro   0x00000000000029b0    0x21c9b ./Core/Src/main.o
 .debug_macro   0x000000000002464b       0x6d ./Core/Src/main.o
 .debug_macro   0x00000000000246b8     0x3d64 ./Core/Src/main.o
 .debug_macro   0x000000000002841c      0x174 ./Core/Src/main.o
 .debug_macro   0x0000000000028590       0x61 ./Core/Src/main.o
 .debug_macro   0x00000000000285f1       0x29 ./Core/Src/main.o
 .debug_macro   0x000000000002861a       0x43 ./Core/Src/main.o
 .debug_macro   0x000000000002865d       0x34 ./Core/Src/main.o
 .debug_macro   0x0000000000028691       0x16 ./Core/Src/main.o
 .debug_macro   0x00000000000286a7       0x43 ./Core/Src/main.o
 .debug_macro   0x00000000000286ea       0x34 ./Core/Src/main.o
 .debug_macro   0x000000000002871e       0x10 ./Core/Src/main.o
 .debug_macro   0x000000000002872e       0x58 ./Core/Src/main.o
 .debug_macro   0x0000000000028786       0x8e ./Core/Src/main.o
 .debug_macro   0x0000000000028814       0x1c ./Core/Src/main.o
 .debug_macro   0x0000000000028830      0x177 ./Core/Src/main.o
 .debug_macro   0x00000000000289a7      0x369 ./Core/Src/main.o
 .debug_macro   0x0000000000028d10      0x19b ./Core/Src/main.o
 .debug_macro   0x0000000000028eab       0x5d ./Core/Src/main.o
 .debug_macro   0x0000000000028f08     0x257a ./Core/Src/main.o
 .debug_macro   0x000000000002b482     0x1079 ./Core/Src/main.o
 .debug_macro   0x000000000002c4fb      0x154 ./Core/Src/main.o
 .debug_macro   0x000000000002c64f      0x114 ./Core/Src/main.o
 .debug_macro   0x000000000002c763      0x3fc ./Core/Src/main.o
 .debug_macro   0x000000000002cb5f       0xac ./Core/Src/main.o
 .debug_macro   0x000000000002cc0b      0x788 ./Core/Src/main.o
 .debug_macro   0x000000000002d393      0x228 ./Core/Src/main.o
 .debug_macro   0x000000000002d5bb       0x66 ./Core/Src/main.o
 .debug_macro   0x000000000002d621      0x3a6 ./Core/Src/main.o
 .debug_macro   0x000000000002d9c7      0x3f9 ./Core/Src/main.o
 .debug_macro   0x000000000002ddc0      0x275 ./Core/Src/main.o
 .debug_macro   0x000000000002e035      0x3ca ./Core/Src/main.o
 .debug_macro   0x000000000002e3ff      0x45c ./Core/Src/main.o
 .debug_macro   0x000000000002e85b       0x3c ./Core/Src/main.o
 .debug_macro   0x000000000002e897       0x4a ./Core/Src/main.o
 .debug_macro   0x000000000002e8e1      0x22c ./Core/Src/main.o
 .debug_macro   0x000000000002eb0d       0x67 ./Core/Src/main.o
 .debug_macro   0x000000000002eb74       0xa5 ./Core/Src/main.o
 .debug_macro   0x000000000002ec19      0x1c4 ./Core/Src/main.o
 .debug_macro   0x000000000002eddd      0x22a ./Core/Src/main.o
 .debug_macro   0x000000000002f007       0x35 ./Core/Src/main.o
 .debug_macro   0x000000000002f03c      0x5e6 ./Core/Src/main.o
 .debug_macro   0x000000000002f622      0x28a ./Core/Src/stm32h7xx_hal_msp.o
 .debug_macro   0x000000000002f8ac      0x294 ./Core/Src/stm32h7xx_it.o
 .debug_macro   0x000000000002fb40      0x280 ./Core/Src/system_stm32h7xx.o
 .debug_macro   0x000000000002fdc0      0x2aa ./Drivers/STM32H7xx_HAL_Driver/stm32h7xx_hal.o
 .debug_macro   0x000000000003006a      0x280 ./Drivers/STM32H7xx_HAL_Driver/stm32h7xx_hal_cortex.o
 .debug_macro   0x00000000000302ea      0x2b9 ./Drivers/STM32H7xx_HAL_Driver/stm32h7xx_hal_pwr_ex.o
 .debug_macro   0x00000000000305a3      0x2a4 ./Drivers/STM32H7xx_HAL_Driver/stm32h7xx_hal_rcc.o

.debug_line     0x0000000000000000     0x6cc0
 .debug_line    0x0000000000000000      0xa1c ./Core/Src/main.o
 .debug_line    0x0000000000000a1c      0x964 ./Core/Src/stm32h7xx_hal_msp.o
 .debug_line    0x0000000000001380      0xa27 ./Core/Src/stm32h7xx_it.o
 .debug_line    0x0000000000001da7      0xb09 ./Core/Src/system_stm32h7xx.o
 .debug_line    0x00000000000028b0       0x7a ./Core/Startup/startup_stm32h733vgtx.o
 .debug_line    0x000000000000292a      0xfd9 ./Drivers/STM32H7xx_HAL_Driver/stm32h7xx_hal.o
 .debug_line    0x0000000000003903      0xf7f ./Drivers/STM32H7xx_HAL_Driver/stm32h7xx_hal_cortex.o
 .debug_line    0x0000000000004882      0xfcc ./Drivers/STM32H7xx_HAL_Driver/stm32h7xx_hal_pwr_ex.o
 .debug_line    0x000000000000584e     0x1472 ./Drivers/STM32H7xx_HAL_Driver/stm32h7xx_hal_rcc.o

.debug_str      0x0000000000000000   0x13a8a2
 .debug_str     0x0000000000000000   0x138510 ./Core/Src/main.o
                                     0x138965 (size before relaxing)
 .debug_str     0x0000000000138510      0x240 ./Core/Src/stm32h7xx_hal_msp.o
                                     0x138832 (size before relaxing)
 .debug_str     0x0000000000138750       0xc9 ./Core/Src/stm32h7xx_it.o
                                     0x138691 (size before relaxing)
 .debug_str     0x0000000000138819      0x2ae ./Core/Src/system_stm32h7xx.o
                                     0x138ad3 (size before relaxing)
 .debug_str     0x0000000000138ac7       0x34 ./Core/Startup/startup_stm32h733vgtx.o
                                         0x6d (size before relaxing)
 .debug_str     0x0000000000138afb     0x1184 ./Drivers/STM32H7xx_HAL_Driver/stm32h7xx_hal.o
                                     0x139bbf (size before relaxing)
 .debug_str     0x0000000000139c7f      0x319 ./Drivers/STM32H7xx_HAL_Driver/stm32h7xx_hal_cortex.o
                                     0x1394d9 (size before relaxing)
 .debug_str     0x0000000000139f98      0x627 ./Drivers/STM32H7xx_HAL_Driver/stm32h7xx_hal_pwr_ex.o
                                     0x138f5f (size before relaxing)
 .debug_str     0x000000000013a5bf      0x2e3 ./Drivers/STM32H7xx_HAL_Driver/stm32h7xx_hal_rcc.o
                                     0x138eda (size before relaxing)

.debug_frame    0x0000000000000000     0x1610
 .debug_frame   0x0000000000000000       0x8c ./Core/Src/main.o
 .debug_frame   0x000000000000008c       0x38 ./Core/Src/stm32h7xx_hal_msp.o
 .debug_frame   0x00000000000000c4      0x104 ./Core/Src/stm32h7xx_it.o
 .debug_frame   0x00000000000001c8       0x58 ./Core/Src/system_stm32h7xx.o
 .debug_frame   0x0000000000000220      0x760 ./Drivers/STM32H7xx_HAL_Driver/stm32h7xx_hal.o
 .debug_frame   0x0000000000000980      0x508 ./Drivers/STM32H7xx_HAL_Driver/stm32h7xx_hal_cortex.o
 .debug_frame   0x0000000000000e88      0x540 ./Drivers/STM32H7xx_HAL_Driver/stm32h7xx_hal_pwr_ex.o
 .debug_frame   0x00000000000013c8      0x1fc ./Drivers/STM32H7xx_HAL_Driver/stm32h7xx_hal_rcc.o
 .debug_frame   0x00000000000015c4       0x20 C:/ST/STM32CubeIDE_1.13.2/STM32CubeIDE/plugins/com.st.stm32cube.ide.mcu.externaltools.gnu-tools-for-stm32.11.3.rel1.win32_1.1.100.202309141235/tools/bin/../lib/gcc/arm-none-eabi/11.3.1/../../../../arm-none-eabi/lib/thumb/v7e-m+dp/hard\libc_nano.a(libc_a-memset.o)
 .debug_frame   0x00000000000015e4       0x2c C:/ST/STM32CubeIDE_1.13.2/STM32CubeIDE/plugins/com.st.stm32cube.ide.mcu.externaltools.gnu-tools-for-stm32.11.3.rel1.win32_1.1.100.202309141235/tools/bin/../lib/gcc/arm-none-eabi/11.3.1/../../../../arm-none-eabi/lib/thumb/v7e-m+dp/hard\libc_nano.a(libc_a-init.o)

.debug_line_str
                0x0000000000000000       0x61
 .debug_line_str
                0x0000000000000000       0x61 ./Core/Startup/startup_stm32h733vgtx.o
                                         0x79 (size before relaxing)
