15:17:25 **** Build of configuration Debug for project TunaBMS ****
make -j16 all 
arm-none-eabi-gcc "C:/Users/willc/STM32Cube/Repository/STM32Cube_FW_F3_V1.11.4/Drivers/STM32F3xx_HAL_Driver/Src/stm32f3xx_hal.c" -mcpu=cortex-m4 -std=gnu11 -g3 -DDEBUG -DUSE_HAL_DRIVER -DSTM32F302xC -c -I../Core/Inc -IC:/Users/willc/STM32Cube/Repository/STM32Cube_FW_F3_V1.11.4/Drivers/STM32F3xx_HAL_Driver/Inc/Legacy -IC:/Users/willc/STM32Cube/Repository/STM32Cube_FW_F3_V1.11.4/Drivers/STM32F3xx_HAL_Driver/Inc -IC:/Users/willc/STM32Cube/Repository/STM32Cube_FW_F3_V1.11.4/Drivers/CMSIS/Device/ST/STM32F3xx/Include -IC:/Users/willc/STM32Cube/Repository/STM32Cube_FW_F3_V1.11.4/Drivers/CMSIS/Include -O0 -ffunction-sections -fdata-sections -Wall -fstack-usage -fcyclomatic-complexity -MMD -MP -MF"Drivers/STM32F3xx_HAL_Driver/stm32f3xx_hal.d" -MT"Drivers/STM32F3xx_HAL_Driver/stm32f3xx_hal.o" --specs=nano.specs -mfpu=fpv4-sp-d16 -mfloat-abi=hard -mthumb -o "Drivers/STM32F3xx_HAL_Driver/stm32f3xx_hal.o"
arm-none-eabi-gcc "C:/Users/willc/STM32Cube/Repository/STM32Cube_FW_F3_V1.11.4/Drivers/STM32F3xx_HAL_Driver/Src/stm32f3xx_hal_cortex.c" -mcpu=cortex-m4 -std=gnu11 -g3 -DDEBUG -DUSE_HAL_DRIVER -DSTM32F302xC -c -I../Core/Inc -IC:/Users/willc/STM32Cube/Repository/STM32Cube_FW_F3_V1.11.4/Drivers/STM32F3xx_HAL_Driver/Inc/Legacy -IC:/Users/willc/STM32Cube/Repository/STM32Cube_FW_F3_V1.11.4/Drivers/STM32F3xx_HAL_Driver/Inc -IC:/Users/willc/STM32Cube/Repository/STM32Cube_FW_F3_V1.11.4/Drivers/CMSIS/Device/ST/STM32F3xx/Include -IC:/Users/willc/STM32Cube/Repository/STM32Cube_FW_F3_V1.11.4/Drivers/CMSIS/Include -O0 -ffunction-sections -fdata-sections -Wall -fstack-usage -fcyclomatic-complexity -MMD -MP -MF"Drivers/STM32F3xx_HAL_Driver/stm32f3xx_hal_cortex.d" -MT"Drivers/STM32F3xx_HAL_Driver/stm32f3xx_hal_cortex.o" --specs=nano.specs -mfpu=fpv4-sp-d16 -mfloat-abi=hard -mthumb -o "Drivers/STM32F3xx_HAL_Driver/stm32f3xx_hal_cortex.o"
arm-none-eabi-gcc "C:/Users/willc/STM32Cube/Repository/STM32Cube_FW_F3_V1.11.4/Drivers/STM32F3xx_HAL_Driver/Src/stm32f3xx_hal_dma.c" -mcpu=cortex-m4 -std=gnu11 -g3 -DDEBUG -DUSE_HAL_DRIVER -DSTM32F302xC -c -I../Core/Inc -IC:/Users/willc/STM32Cube/Repository/STM32Cube_FW_F3_V1.11.4/Drivers/STM32F3xx_HAL_Driver/Inc/Legacy -IC:/Users/willc/STM32Cube/Repository/STM32Cube_FW_F3_V1.11.4/Drivers/STM32F3xx_HAL_Driver/Inc -IC:/Users/willc/STM32Cube/Repository/STM32Cube_FW_F3_V1.11.4/Drivers/CMSIS/Device/ST/STM32F3xx/Include -IC:/Users/willc/STM32Cube/Repository/STM32Cube_FW_F3_V1.11.4/Drivers/CMSIS/Include -O0 -ffunction-sections -fdata-sections -Wall -fstack-usage -fcyclomatic-complexity -MMD -MP -MF"Drivers/STM32F3xx_HAL_Driver/stm32f3xx_hal_dma.d" -MT"Drivers/STM32F3xx_HAL_Driver/stm32f3xx_hal_dma.o" --specs=nano.specs -mfpu=fpv4-sp-d16 -mfloat-abi=hard -mthumb -o "Drivers/STM32F3xx_HAL_Driver/stm32f3xx_hal_dma.o"
arm-none-eabi-gcc "C:/Users/willc/STM32Cube/Repository/STM32Cube_FW_F3_V1.11.4/Drivers/STM32F3xx_HAL_Driver/Src/stm32f3xx_hal_exti.c" -mcpu=cortex-m4 -std=gnu11 -g3 -DDEBUG -DUSE_HAL_DRIVER -DSTM32F302xC -c -I../Core/Inc -IC:/Users/willc/STM32Cube/Repository/STM32Cube_FW_F3_V1.11.4/Drivers/STM32F3xx_HAL_Driver/Inc/Legacy -IC:/Users/willc/STM32Cube/Repository/STM32Cube_FW_F3_V1.11.4/Drivers/STM32F3xx_HAL_Driver/Inc -IC:/Users/willc/STM32Cube/Repository/STM32Cube_FW_F3_V1.11.4/Drivers/CMSIS/Device/ST/STM32F3xx/Include -IC:/Users/willc/STM32Cube/Repository/STM32Cube_FW_F3_V1.11.4/Drivers/CMSIS/Include -O0 -ffunction-sections -fdata-sections -Wall -fstack-usage -fcyclomatic-complexity -MMD -MP -MF"Drivers/STM32F3xx_HAL_Driver/stm32f3xx_hal_exti.d" -MT"Drivers/STM32F3xx_HAL_Driver/stm32f3xx_hal_exti.o" --specs=nano.specs -mfpu=fpv4-sp-d16 -mfloat-abi=hard -mthumb -o "Drivers/STM32F3xx_HAL_Driver/stm32f3xx_hal_exti.o"
arm-none-eabi-gcc "C:/Users/willc/STM32Cube/Repository/STM32Cube_FW_F3_V1.11.4/Drivers/STM32F3xx_HAL_Driver/Src/stm32f3xx_hal_flash.c" -mcpu=cortex-m4 -std=gnu11 -g3 -DDEBUG -DUSE_HAL_DRIVER -DSTM32F302xC -c -I../Core/Inc -IC:/Users/willc/STM32Cube/Repository/STM32Cube_FW_F3_V1.11.4/Drivers/STM32F3xx_HAL_Driver/Inc/Legacy -IC:/Users/willc/STM32Cube/Repository/STM32Cube_FW_F3_V1.11.4/Drivers/STM32F3xx_HAL_Driver/Inc -IC:/Users/willc/STM32Cube/Repository/STM32Cube_FW_F3_V1.11.4/Drivers/CMSIS/Device/ST/STM32F3xx/Include -IC:/Users/willc/STM32Cube/Repository/STM32Cube_FW_F3_V1.11.4/Drivers/CMSIS/Include -O0 -ffunction-sections -fdata-sections -Wall -fstack-usage -fcyclomatic-complexity -MMD -MP -MF"Drivers/STM32F3xx_HAL_Driver/stm32f3xx_hal_flash.d" -MT"Drivers/STM32F3xx_HAL_Driver/stm32f3xx_hal_flash.o" --specs=nano.specs -mfpu=fpv4-sp-d16 -mfloat-abi=hard -mthumb -o "Drivers/STM32F3xx_HAL_Driver/stm32f3xx_hal_flash.o"
arm-none-eabi-gcc "C:/Users/willc/STM32Cube/Repository/STM32Cube_FW_F3_V1.11.4/Drivers/STM32F3xx_HAL_Driver/Src/stm32f3xx_hal_flash_ex.c" -mcpu=cortex-m4 -std=gnu11 -g3 -DDEBUG -DUSE_HAL_DRIVER -DSTM32F302xC -c -I../Core/Inc -IC:/Users/willc/STM32Cube/Repository/STM32Cube_FW_F3_V1.11.4/Drivers/STM32F3xx_HAL_Driver/Inc/Legacy -IC:/Users/willc/STM32Cube/Repository/STM32Cube_FW_F3_V1.11.4/Drivers/STM32F3xx_HAL_Driver/Inc -IC:/Users/willc/STM32Cube/Repository/STM32Cube_FW_F3_V1.11.4/Drivers/CMSIS/Device/ST/STM32F3xx/Include -IC:/Users/willc/STM32Cube/Repository/STM32Cube_FW_F3_V1.11.4/Drivers/CMSIS/Include -O0 -ffunction-sections -fdata-sections -Wall -fstack-usage -fcyclomatic-complexity -MMD -MP -MF"Drivers/STM32F3xx_HAL_Driver/stm32f3xx_hal_flash_ex.d" -MT"Drivers/STM32F3xx_HAL_Driver/stm32f3xx_hal_flash_ex.o" --specs=nano.specs -mfpu=fpv4-sp-d16 -mfloat-abi=hard -mthumb -o "Drivers/STM32F3xx_HAL_Driver/stm32f3xx_hal_flash_ex.o"
arm-none-eabi-gcc "C:/Users/willc/STM32Cube/Repository/STM32Cube_FW_F3_V1.11.4/Drivers/STM32F3xx_HAL_Driver/Src/stm32f3xx_hal_gpio.c" -mcpu=cortex-m4 -std=gnu11 -g3 -DDEBUG -DUSE_HAL_DRIVER -DSTM32F302xC -c -I../Core/Inc -IC:/Users/willc/STM32Cube/Repository/STM32Cube_FW_F3_V1.11.4/Drivers/STM32F3xx_HAL_Driver/Inc/Legacy -IC:/Users/willc/STM32Cube/Repository/STM32Cube_FW_F3_V1.11.4/Drivers/STM32F3xx_HAL_Driver/Inc -IC:/Users/willc/STM32Cube/Repository/STM32Cube_FW_F3_V1.11.4/Drivers/CMSIS/Device/ST/STM32F3xx/Include -IC:/Users/willc/STM32Cube/Repository/STM32Cube_FW_F3_V1.11.4/Drivers/CMSIS/Include -O0 -ffunction-sections -fdata-sections -Wall -fstack-usage -fcyclomatic-complexity -MMD -MP -MF"Drivers/STM32F3xx_HAL_Driver/stm32f3xx_hal_gpio.d" -MT"Drivers/STM32F3xx_HAL_Driver/stm32f3xx_hal_gpio.o" --specs=nano.specs -mfpu=fpv4-sp-d16 -mfloat-abi=hard -mthumb -o "Drivers/STM32F3xx_HAL_Driver/stm32f3xx_hal_gpio.o"
arm-none-eabi-gcc "C:/Users/willc/STM32Cube/Repository/STM32Cube_FW_F3_V1.11.4/Drivers/STM32F3xx_HAL_Driver/Src/stm32f3xx_hal_i2c.c" -mcpu=cortex-m4 -std=gnu11 -g3 -DDEBUG -DUSE_HAL_DRIVER -DSTM32F302xC -c -I../Core/Inc -IC:/Users/willc/STM32Cube/Repository/STM32Cube_FW_F3_V1.11.4/Drivers/STM32F3xx_HAL_Driver/Inc/Legacy -IC:/Users/willc/STM32Cube/Repository/STM32Cube_FW_F3_V1.11.4/Drivers/STM32F3xx_HAL_Driver/Inc -IC:/Users/willc/STM32Cube/Repository/STM32Cube_FW_F3_V1.11.4/Drivers/CMSIS/Device/ST/STM32F3xx/Include -IC:/Users/willc/STM32Cube/Repository/STM32Cube_FW_F3_V1.11.4/Drivers/CMSIS/Include -O0 -ffunction-sections -fdata-sections -Wall -fstack-usage -fcyclomatic-complexity -MMD -MP -MF"Drivers/STM32F3xx_HAL_Driver/stm32f3xx_hal_i2c.d" -MT"Drivers/STM32F3xx_HAL_Driver/stm32f3xx_hal_i2c.o" --specs=nano.specs -mfpu=fpv4-sp-d16 -mfloat-abi=hard -mthumb -o "Drivers/STM32F3xx_HAL_Driver/stm32f3xx_hal_i2c.o"
arm-none-eabi-gcc "C:/Users/willc/STM32Cube/Repository/STM32Cube_FW_F3_V1.11.4/Drivers/STM32F3xx_HAL_Driver/Src/stm32f3xx_hal_i2c_ex.c" -mcpu=cortex-m4 -std=gnu11 -g3 -DDEBUG -DUSE_HAL_DRIVER -DSTM32F302xC -c -I../Core/Inc -IC:/Users/willc/STM32Cube/Repository/STM32Cube_FW_F3_V1.11.4/Drivers/STM32F3xx_HAL_Driver/Inc/Legacy -IC:/Users/willc/STM32Cube/Repository/STM32Cube_FW_F3_V1.11.4/Drivers/STM32F3xx_HAL_Driver/Inc -IC:/Users/willc/STM32Cube/Repository/STM32Cube_FW_F3_V1.11.4/Drivers/CMSIS/Device/ST/STM32F3xx/Include -IC:/Users/willc/STM32Cube/Repository/STM32Cube_FW_F3_V1.11.4/Drivers/CMSIS/Include -O0 -ffunction-sections -fdata-sections -Wall -fstack-usage -fcyclomatic-complexity -MMD -MP -MF"Drivers/STM32F3xx_HAL_Driver/stm32f3xx_hal_i2c_ex.d" -MT"Drivers/STM32F3xx_HAL_Driver/stm32f3xx_hal_i2c_ex.o" --specs=nano.specs -mfpu=fpv4-sp-d16 -mfloat-abi=hard -mthumb -o "Drivers/STM32F3xx_HAL_Driver/stm32f3xx_hal_i2c_ex.o"
arm-none-eabi-gcc "C:/Users/willc/STM32Cube/Repository/STM32Cube_FW_F3_V1.11.4/Drivers/STM32F3xx_HAL_Driver/Src/stm32f3xx_hal_pwr.c" -mcpu=cortex-m4 -std=gnu11 -g3 -DDEBUG -DUSE_HAL_DRIVER -DSTM32F302xC -c -I../Core/Inc -IC:/Users/willc/STM32Cube/Repository/STM32Cube_FW_F3_V1.11.4/Drivers/STM32F3xx_HAL_Driver/Inc/Legacy -IC:/Users/willc/STM32Cube/Repository/STM32Cube_FW_F3_V1.11.4/Drivers/STM32F3xx_HAL_Driver/Inc -IC:/Users/willc/STM32Cube/Repository/STM32Cube_FW_F3_V1.11.4/Drivers/CMSIS/Device/ST/STM32F3xx/Include -IC:/Users/willc/STM32Cube/Repository/STM32Cube_FW_F3_V1.11.4/Drivers/CMSIS/Include -O0 -ffunction-sections -fdata-sections -Wall -fstack-usage -fcyclomatic-complexity -MMD -MP -MF"Drivers/STM32F3xx_HAL_Driver/stm32f3xx_hal_pwr.d" -MT"Drivers/STM32F3xx_HAL_Driver/stm32f3xx_hal_pwr.o" --specs=nano.specs -mfpu=fpv4-sp-d16 -mfloat-abi=hard -mthumb -o "Drivers/STM32F3xx_HAL_Driver/stm32f3xx_hal_pwr.o"
arm-none-eabi-gcc "C:/Users/willc/STM32Cube/Repository/STM32Cube_FW_F3_V1.11.4/Drivers/STM32F3xx_HAL_Driver/Src/stm32f3xx_hal_pwr_ex.c" -mcpu=cortex-m4 -std=gnu11 -g3 -DDEBUG -DUSE_HAL_DRIVER -DSTM32F302xC -c -I../Core/Inc -IC:/Users/willc/STM32Cube/Repository/STM32Cube_FW_F3_V1.11.4/Drivers/STM32F3xx_HAL_Driver/Inc/Legacy -IC:/Users/willc/STM32Cube/Repository/STM32Cube_FW_F3_V1.11.4/Drivers/STM32F3xx_HAL_Driver/Inc -IC:/Users/willc/STM32Cube/Repository/STM32Cube_FW_F3_V1.11.4/Drivers/CMSIS/Device/ST/STM32F3xx/Include -IC:/Users/willc/STM32Cube/Repository/STM32Cube_FW_F3_V1.11.4/Drivers/CMSIS/Include -O0 -ffunction-sections -fdata-sections -Wall -fstack-usage -fcyclomatic-complexity -MMD -MP -MF"Drivers/STM32F3xx_HAL_Driver/stm32f3xx_hal_pwr_ex.d" -MT"Drivers/STM32F3xx_HAL_Driver/stm32f3xx_hal_pwr_ex.o" --specs=nano.specs -mfpu=fpv4-sp-d16 -mfloat-abi=hard -mthumb -o "Drivers/STM32F3xx_HAL_Driver/stm32f3xx_hal_pwr_ex.o"
arm-none-eabi-gcc "C:/Users/willc/STM32Cube/Repository/STM32Cube_FW_F3_V1.11.4/Drivers/STM32F3xx_HAL_Driver/Src/stm32f3xx_hal_rcc.c" -mcpu=cortex-m4 -std=gnu11 -g3 -DDEBUG -DUSE_HAL_DRIVER -DSTM32F302xC -c -I../Core/Inc -IC:/Users/willc/STM32Cube/Repository/STM32Cube_FW_F3_V1.11.4/Drivers/STM32F3xx_HAL_Driver/Inc/Legacy -IC:/Users/willc/STM32Cube/Repository/STM32Cube_FW_F3_V1.11.4/Drivers/STM32F3xx_HAL_Driver/Inc -IC:/Users/willc/STM32Cube/Repository/STM32Cube_FW_F3_V1.11.4/Drivers/CMSIS/Device/ST/STM32F3xx/Include -IC:/Users/willc/STM32Cube/Repository/STM32Cube_FW_F3_V1.11.4/Drivers/CMSIS/Include -O0 -ffunction-sections -fdata-sections -Wall -fstack-usage -fcyclomatic-complexity -MMD -MP -MF"Drivers/STM32F3xx_HAL_Driver/stm32f3xx_hal_rcc.d" -MT"Drivers/STM32F3xx_HAL_Driver/stm32f3xx_hal_rcc.o" --specs=nano.specs -mfpu=fpv4-sp-d16 -mfloat-abi=hard -mthumb -o "Drivers/STM32F3xx_HAL_Driver/stm32f3xx_hal_rcc.o"
arm-none-eabi-gcc "C:/Users/willc/STM32Cube/Repository/STM32Cube_FW_F3_V1.11.4/Drivers/STM32F3xx_HAL_Driver/Src/stm32f3xx_hal_rcc_ex.c" -mcpu=cortex-m4 -std=gnu11 -g3 -DDEBUG -DUSE_HAL_DRIVER -DSTM32F302xC -c -I../Core/Inc -IC:/Users/willc/STM32Cube/Repository/STM32Cube_FW_F3_V1.11.4/Drivers/STM32F3xx_HAL_Driver/Inc/Legacy -IC:/Users/willc/STM32Cube/Repository/STM32Cube_FW_F3_V1.11.4/Drivers/STM32F3xx_HAL_Driver/Inc -IC:/Users/willc/STM32Cube/Repository/STM32Cube_FW_F3_V1.11.4/Drivers/CMSIS/Device/ST/STM32F3xx/Include -IC:/Users/willc/STM32Cube/Repository/STM32Cube_FW_F3_V1.11.4/Drivers/CMSIS/Include -O0 -ffunction-sections -fdata-sections -Wall -fstack-usage -fcyclomatic-complexity -MMD -MP -MF"Drivers/STM32F3xx_HAL_Driver/stm32f3xx_hal_rcc_ex.d" -MT"Drivers/STM32F3xx_HAL_Driver/stm32f3xx_hal_rcc_ex.o" --specs=nano.specs -mfpu=fpv4-sp-d16 -mfloat-abi=hard -mthumb -o "Drivers/STM32F3xx_HAL_Driver/stm32f3xx_hal_rcc_ex.o"
arm-none-eabi-gcc "C:/Users/willc/STM32Cube/Repository/STM32Cube_FW_F3_V1.11.4/Drivers/STM32F3xx_HAL_Driver/Src/stm32f3xx_hal_spi.c" -mcpu=cortex-m4 -std=gnu11 -g3 -DDEBUG -DUSE_HAL_DRIVER -DSTM32F302xC -c -I../Core/Inc -IC:/Users/willc/STM32Cube/Repository/STM32Cube_FW_F3_V1.11.4/Drivers/STM32F3xx_HAL_Driver/Inc/Legacy -IC:/Users/willc/STM32Cube/Repository/STM32Cube_FW_F3_V1.11.4/Drivers/STM32F3xx_HAL_Driver/Inc -IC:/Users/willc/STM32Cube/Repository/STM32Cube_FW_F3_V1.11.4/Drivers/CMSIS/Device/ST/STM32F3xx/Include -IC:/Users/willc/STM32Cube/Repository/STM32Cube_FW_F3_V1.11.4/Drivers/CMSIS/Include -O0 -ffunction-sections -fdata-sections -Wall -fstack-usage -fcyclomatic-complexity -MMD -MP -MF"Drivers/STM32F3xx_HAL_Driver/stm32f3xx_hal_spi.d" -MT"Drivers/STM32F3xx_HAL_Driver/stm32f3xx_hal_spi.o" --specs=nano.specs -mfpu=fpv4-sp-d16 -mfloat-abi=hard -mthumb -o "Drivers/STM32F3xx_HAL_Driver/stm32f3xx_hal_spi.o"
arm-none-eabi-gcc "C:/Users/willc/STM32Cube/Repository/STM32Cube_FW_F3_V1.11.4/Drivers/STM32F3xx_HAL_Driver/Src/stm32f3xx_hal_spi_ex.c" -mcpu=cortex-m4 -std=gnu11 -g3 -DDEBUG -DUSE_HAL_DRIVER -DSTM32F302xC -c -I../Core/Inc -IC:/Users/willc/STM32Cube/Repository/STM32Cube_FW_F3_V1.11.4/Drivers/STM32F3xx_HAL_Driver/Inc/Legacy -IC:/Users/willc/STM32Cube/Repository/STM32Cube_FW_F3_V1.11.4/Drivers/STM32F3xx_HAL_Driver/Inc -IC:/Users/willc/STM32Cube/Repository/STM32Cube_FW_F3_V1.11.4/Drivers/CMSIS/Device/ST/STM32F3xx/Include -IC:/Users/willc/STM32Cube/Repository/STM32Cube_FW_F3_V1.11.4/Drivers/CMSIS/Include -O0 -ffunction-sections -fdata-sections -Wall -fstack-usage -fcyclomatic-complexity -MMD -MP -MF"Drivers/STM32F3xx_HAL_Driver/stm32f3xx_hal_spi_ex.d" -MT"Drivers/STM32F3xx_HAL_Driver/stm32f3xx_hal_spi_ex.o" --specs=nano.specs -mfpu=fpv4-sp-d16 -mfloat-abi=hard -mthumb -o "Drivers/STM32F3xx_HAL_Driver/stm32f3xx_hal_spi_ex.o"
arm-none-eabi-gcc "C:/Users/willc/STM32Cube/Repository/STM32Cube_FW_F3_V1.11.4/Drivers/STM32F3xx_HAL_Driver/Src/stm32f3xx_hal_tim.c" -mcpu=cortex-m4 -std=gnu11 -g3 -DDEBUG -DUSE_HAL_DRIVER -DSTM32F302xC -c -I../Core/Inc -IC:/Users/willc/STM32Cube/Repository/STM32Cube_FW_F3_V1.11.4/Drivers/STM32F3xx_HAL_Driver/Inc/Legacy -IC:/Users/willc/STM32Cube/Repository/STM32Cube_FW_F3_V1.11.4/Drivers/STM32F3xx_HAL_Driver/Inc -IC:/Users/willc/STM32Cube/Repository/STM32Cube_FW_F3_V1.11.4/Drivers/CMSIS/Device/ST/STM32F3xx/Include -IC:/Users/willc/STM32Cube/Repository/STM32Cube_FW_F3_V1.11.4/Drivers/CMSIS/Include -O0 -ffunction-sections -fdata-sections -Wall -fstack-usage -fcyclomatic-complexity -MMD -MP -MF"Drivers/STM32F3xx_HAL_Driver/stm32f3xx_hal_tim.d" -MT"Drivers/STM32F3xx_HAL_Driver/stm32f3xx_hal_tim.o" --specs=nano.specs -mfpu=fpv4-sp-d16 -mfloat-abi=hard -mthumb -o "Drivers/STM32F3xx_HAL_Driver/stm32f3xx_hal_tim.o"
arm-none-eabi-gcc "C:/Users/willc/STM32Cube/Repository/STM32Cube_FW_F3_V1.11.4/Drivers/STM32F3xx_HAL_Driver/Src/stm32f3xx_hal_tim_ex.c" -mcpu=cortex-m4 -std=gnu11 -g3 -DDEBUG -DUSE_HAL_DRIVER -DSTM32F302xC -c -I../Core/Inc -IC:/Users/willc/STM32Cube/Repository/STM32Cube_FW_F3_V1.11.4/Drivers/STM32F3xx_HAL_Driver/Inc/Legacy -IC:/Users/willc/STM32Cube/Repository/STM32Cube_FW_F3_V1.11.4/Drivers/STM32F3xx_HAL_Driver/Inc -IC:/Users/willc/STM32Cube/Repository/STM32Cube_FW_F3_V1.11.4/Drivers/CMSIS/Device/ST/STM32F3xx/Include -IC:/Users/willc/STM32Cube/Repository/STM32Cube_FW_F3_V1.11.4/Drivers/CMSIS/Include -O0 -ffunction-sections -fdata-sections -Wall -fstack-usage -fcyclomatic-complexity -MMD -MP -MF"Drivers/STM32F3xx_HAL_Driver/stm32f3xx_hal_tim_ex.d" -MT"Drivers/STM32F3xx_HAL_Driver/stm32f3xx_hal_tim_ex.o" --specs=nano.specs -mfpu=fpv4-sp-d16 -mfloat-abi=hard -mthumb -o "Drivers/STM32F3xx_HAL_Driver/stm32f3xx_hal_tim_ex.o"
arm-none-eabi-gcc -mcpu=cortex-m4 -g3 -DDEBUG -c -x assembler-with-cpp -MMD -MP -MF"Core/Startup/startup_stm32f302cctx.d" -MT"Core/Startup/startup_stm32f302cctx.o" --specs=nano.specs -mfpu=fpv4-sp-d16 -mfloat-abi=hard -mthumb -o "Core/Startup/startup_stm32f302cctx.o" "../Core/Startup/startup_stm32f302cctx.s"
arm-none-eabi-gcc "../Core/Src/main.c" -mcpu=cortex-m4 -std=gnu11 -g3 -DDEBUG -DUSE_HAL_DRIVER -DSTM32F302xC -c -I../Core/Inc -IC:/Users/willc/STM32Cube/Repository/STM32Cube_FW_F3_V1.11.4/Drivers/STM32F3xx_HAL_Driver/Inc/Legacy -IC:/Users/willc/STM32Cube/Repository/STM32Cube_FW_F3_V1.11.4/Drivers/STM32F3xx_HAL_Driver/Inc -IC:/Users/willc/STM32Cube/Repository/STM32Cube_FW_F3_V1.11.4/Drivers/CMSIS/Device/ST/STM32F3xx/Include -IC:/Users/willc/STM32Cube/Repository/STM32Cube_FW_F3_V1.11.4/Drivers/CMSIS/Include -O0 -ffunction-sections -fdata-sections -Wall -fstack-usage -fcyclomatic-complexity -MMD -MP -MF"Core/Src/main.d" -MT"Core/Src/main.o" --specs=nano.specs -mfpu=fpv4-sp-d16 -mfloat-abi=hard -mthumb -o "Core/Src/main.o"
arm-none-eabi-gcc "../Core/Src/stm32f3xx_hal_msp.c" -mcpu=cortex-m4 -std=gnu11 -g3 -DDEBUG -DUSE_HAL_DRIVER -DSTM32F302xC -c -I../Core/Inc -IC:/Users/willc/STM32Cube/Repository/STM32Cube_FW_F3_V1.11.4/Drivers/STM32F3xx_HAL_Driver/Inc/Legacy -IC:/Users/willc/STM32Cube/Repository/STM32Cube_FW_F3_V1.11.4/Drivers/STM32F3xx_HAL_Driver/Inc -IC:/Users/willc/STM32Cube/Repository/STM32Cube_FW_F3_V1.11.4/Drivers/CMSIS/Device/ST/STM32F3xx/Include -IC:/Users/willc/STM32Cube/Repository/STM32Cube_FW_F3_V1.11.4/Drivers/CMSIS/Include -O0 -ffunction-sections -fdata-sections -Wall -fstack-usage -fcyclomatic-complexity -MMD -MP -MF"Core/Src/stm32f3xx_hal_msp.d" -MT"Core/Src/stm32f3xx_hal_msp.o" --specs=nano.specs -mfpu=fpv4-sp-d16 -mfloat-abi=hard -mthumb -o "Core/Src/stm32f3xx_hal_msp.o"
arm-none-eabi-gcc "../Core/Src/stm32f3xx_it.c" -mcpu=cortex-m4 -std=gnu11 -g3 -DDEBUG -DUSE_HAL_DRIVER -DSTM32F302xC -c -I../Core/Inc -IC:/Users/willc/STM32Cube/Repository/STM32Cube_FW_F3_V1.11.4/Drivers/STM32F3xx_HAL_Driver/Inc/Legacy -IC:/Users/willc/STM32Cube/Repository/STM32Cube_FW_F3_V1.11.4/Drivers/STM32F3xx_HAL_Driver/Inc -IC:/Users/willc/STM32Cube/Repository/STM32Cube_FW_F3_V1.11.4/Drivers/CMSIS/Device/ST/STM32F3xx/Include -IC:/Users/willc/STM32Cube/Repository/STM32Cube_FW_F3_V1.11.4/Drivers/CMSIS/Include -O0 -ffunction-sections -fdata-sections -Wall -fstack-usage -fcyclomatic-complexity -MMD -MP -MF"Core/Src/stm32f3xx_it.d" -MT"Core/Src/stm32f3xx_it.o" --specs=nano.specs -mfpu=fpv4-sp-d16 -mfloat-abi=hard -mthumb -o "Core/Src/stm32f3xx_it.o"
arm-none-eabi-gcc "../Core/Src/syscalls.c" -mcpu=cortex-m4 -std=gnu11 -g3 -DDEBUG -DUSE_HAL_DRIVER -DSTM32F302xC -c -I../Core/Inc -IC:/Users/willc/STM32Cube/Repository/STM32Cube_FW_F3_V1.11.4/Drivers/STM32F3xx_HAL_Driver/Inc/Legacy -IC:/Users/willc/STM32Cube/Repository/STM32Cube_FW_F3_V1.11.4/Drivers/STM32F3xx_HAL_Driver/Inc -IC:/Users/willc/STM32Cube/Repository/STM32Cube_FW_F3_V1.11.4/Drivers/CMSIS/Device/ST/STM32F3xx/Include -IC:/Users/willc/STM32Cube/Repository/STM32Cube_FW_F3_V1.11.4/Drivers/CMSIS/Include -O0 -ffunction-sections -fdata-sections -Wall -fstack-usage -fcyclomatic-complexity -MMD -MP -MF"Core/Src/syscalls.d" -MT"Core/Src/syscalls.o" --specs=nano.specs -mfpu=fpv4-sp-d16 -mfloat-abi=hard -mthumb -o "Core/Src/syscalls.o"
arm-none-eabi-gcc "../Core/Src/sysmem.c" -mcpu=cortex-m4 -std=gnu11 -g3 -DDEBUG -DUSE_HAL_DRIVER -DSTM32F302xC -c -I../Core/Inc -IC:/Users/willc/STM32Cube/Repository/STM32Cube_FW_F3_V1.11.4/Drivers/STM32F3xx_HAL_Driver/Inc/Legacy -IC:/Users/willc/STM32Cube/Repository/STM32Cube_FW_F3_V1.11.4/Drivers/STM32F3xx_HAL_Driver/Inc -IC:/Users/willc/STM32Cube/Repository/STM32Cube_FW_F3_V1.11.4/Drivers/CMSIS/Device/ST/STM32F3xx/Include -IC:/Users/willc/STM32Cube/Repository/STM32Cube_FW_F3_V1.11.4/Drivers/CMSIS/Include -O0 -ffunction-sections -fdata-sections -Wall -fstack-usage -fcyclomatic-complexity -MMD -MP -MF"Core/Src/sysmem.d" -MT"Core/Src/sysmem.o" --specs=nano.specs -mfpu=fpv4-sp-d16 -mfloat-abi=hard -mthumb -o "Core/Src/sysmem.o"
arm-none-eabi-gcc "../Core/Src/system_stm32f3xx.c" -mcpu=cortex-m4 -std=gnu11 -g3 -DDEBUG -DUSE_HAL_DRIVER -DSTM32F302xC -c -I../Core/Inc -IC:/Users/willc/STM32Cube/Repository/STM32Cube_FW_F3_V1.11.4/Drivers/STM32F3xx_HAL_Driver/Inc/Legacy -IC:/Users/willc/STM32Cube/Repository/STM32Cube_FW_F3_V1.11.4/Drivers/STM32F3xx_HAL_Driver/Inc -IC:/Users/willc/STM32Cube/Repository/STM32Cube_FW_F3_V1.11.4/Drivers/CMSIS/Device/ST/STM32F3xx/Include -IC:/Users/willc/STM32Cube/Repository/STM32Cube_FW_F3_V1.11.4/Drivers/CMSIS/Include -O0 -ffunction-sections -fdata-sections -Wall -fstack-usage -fcyclomatic-complexity -MMD -MP -MF"Core/Src/system_stm32f3xx.d" -MT"Core/Src/system_stm32f3xx.o" --specs=nano.specs -mfpu=fpv4-sp-d16 -mfloat-abi=hard -mthumb -o "Core/Src/system_stm32f3xx.o"
../Core/Src/main.c: In function 'SPI2_IRQHandler':
../Core/Src/main.c:69:7: warning: implicit declaration of function 'SPI_I2S_GetITStatus' [-Wimplicit-function-declaration]
   69 |   if (SPI_I2S_GetITStatus(SPIx, SPI_I2S_IT_TXE) != RESET)
      |       ^~~~~~~~~~~~~~~~~~~
../Core/Src/main.c:69:27: error: 'SPIx' undeclared (first use in this function); did you mean 'SPI1'?
   69 |   if (SPI_I2S_GetITStatus(SPIx, SPI_I2S_IT_TXE) != RESET)
      |                           ^~~~
      |                           SPI1
../Core/Src/main.c:69:27: note: each undeclared identifier is reported only once for each function it appears in
../Core/Src/main.c:69:33: error: 'SPI_I2S_IT_TXE' undeclared (first use in this function); did you mean 'SPI_IT_TXE'?
   69 |   if (SPI_I2S_GetITStatus(SPIx, SPI_I2S_IT_TXE) != RESET)
      |                                 ^~~~~~~~~~~~~~
      |                                 SPI_IT_TXE
../Core/Src/main.c:74:39: error: 'SPI_I2S_IT_RXNE' undeclared (first use in this function); did you mean 'SPI_IT_RXNE'?
   74 |         if (SPI_I2S_GetITStatus(SPIx, SPI_I2S_IT_RXNE) != RESET)
      |                                       ^~~~~~~~~~~~~~~
      |                                       SPI_IT_RXNE
../Core/Src/main.c:76:26: warning: implicit declaration of function 'SPI_I2S_ReceiveData' [-Wimplicit-function-declaration]
   76 |                 char c = SPI_I2S_ReceiveData(SPIx);
      |                          ^~~~~~~~~~~~~~~~~~~
../Core/Src/main.c: In function 'main':
../Core/Src/main.c:136:33: error: 'tog' undeclared (first use in this function)
  136 |                                 tog ^= 1;
      |                                 ^~~
../Core/Src/main.c:137:33: warning: implicit declaration of function 'GPIO_WriteBit'; did you mean 'HAL_GPIO_WritePin'? [-Wimplicit-function-declaration]
  137 |                                 GPIO_WriteBit(GPIOC, GPIO_Pin_13,(BitAction)tog);
      |                                 ^~~~~~~~~~~~~
      |                                 HAL_GPIO_WritePin
../Core/Src/main.c:137:54: error: 'GPIO_Pin_13' undeclared (first use in this function); did you mean 'GPIO_PIN_13'?
  137 |                                 GPIO_WriteBit(GPIOC, GPIO_Pin_13,(BitAction)tog);
      |                                                      ^~~~~~~~~~~
      |                                                      GPIO_PIN_13
../Core/Src/main.c:137:67: error: 'BitAction' undeclared (first use in this function)
  137 |                                 GPIO_WriteBit(GPIOC, GPIO_Pin_13,(BitAction)tog);
      |                                                                   ^~~~~~~~~
../Core/Src/main.c:137:77: error: expected ')' before 'tog'
  137 |                                 GPIO_WriteBit(GPIOC, GPIO_Pin_13,(BitAction)tog);
      |                                              ~                              ^~~
      |                                                                             )
../Core/Src/main.c: In function 'is_SPIx_EnableSlave':
../Core/Src/main.c:259:8: error: 'SPI_GPIO' undeclared (first use in this function); did you mean 'EXTI_GPIO'?
  259 |     if(SPI_GPIO->IDR & SPI_PIN_SS)
      |        ^~~~~~~~
      |        EXTI_GPIO
../Core/Src/main.c:259:24: error: 'SPI_PIN_SS' undeclared (first use in this function); did you mean 'GPIO_PIN_SET'?
  259 |     if(SPI_GPIO->IDR & SPI_PIN_SS)
      |                        ^~~~~~~~~~
      |                        GPIO_PIN_SET
../Core/Src/main.c:263:1: warning: control reaches end of non-void function [-Wreturn-type]
  263 | }
      | ^
make: *** [Core/Src/subdir.mk:34: Core/Src/main.o] Error 1
make: *** Waiting for unfinished jobs....
"make -j16 all" terminated with exit code 2. Build might be incomplete.
15:17:52 **** Build of configuration Debug for project QuadrunaBMS ****
make -j16 all 
arm-none-eabi-gcc "C:/Users/willc/STM32Cube/Repository/STM32Cube_FW_H7_V1.11.2/Drivers/STM32H7xx_HAL_Driver/Src/stm32h7xx_hal.c" -mcpu=cortex-m7 -std=gnu11 -g3 -DDEBUG -DUSE_HAL_DRIVER -DSTM32H733xx -c -I../Core/Inc -IC:/Users/willc/STM32Cube/Repository/STM32Cube_FW_H7_V1.11.2/Drivers/STM32H7xx_HAL_Driver/Inc -IC:/Users/willc/STM32Cube/Repository/STM32Cube_FW_H7_V1.11.2/Drivers/STM32H7xx_HAL_Driver/Inc/Legacy -IC:/Users/willc/STM32Cube/Repository/STM32Cube_FW_H7_V1.11.2/Drivers/CMSIS/Device/ST/STM32H7xx/Include -IC:/Users/willc/STM32Cube/Repository/STM32Cube_FW_H7_V1.11.2/Drivers/CMSIS/Include -O0 -ffunction-sections -fdata-sections -Wall -fstack-usage -fcyclomatic-complexity -MMD -MP -MF"Drivers/STM32H7xx_HAL_Driver/stm32h7xx_hal.d" -MT"Drivers/STM32H7xx_HAL_Driver/stm32h7xx_hal.o" --specs=nano.specs -mfpu=fpv5-d16 -mfloat-abi=hard -mthumb -o "Drivers/STM32H7xx_HAL_Driver/stm32h7xx_hal.o"
arm-none-eabi-gcc "C:/Users/willc/STM32Cube/Repository/STM32Cube_FW_H7_V1.11.2/Drivers/STM32H7xx_HAL_Driver/Src/stm32h7xx_hal_cortex.c" -mcpu=cortex-m7 -std=gnu11 -g3 -DDEBUG -DUSE_HAL_DRIVER -DSTM32H733xx -c -I../Core/Inc -IC:/Users/willc/STM32Cube/Repository/STM32Cube_FW_H7_V1.11.2/Drivers/STM32H7xx_HAL_Driver/Inc -IC:/Users/willc/STM32Cube/Repository/STM32Cube_FW_H7_V1.11.2/Drivers/STM32H7xx_HAL_Driver/Inc/Legacy -IC:/Users/willc/STM32Cube/Repository/STM32Cube_FW_H7_V1.11.2/Drivers/CMSIS/Device/ST/STM32H7xx/Include -IC:/Users/willc/STM32Cube/Repository/STM32Cube_FW_H7_V1.11.2/Drivers/CMSIS/Include -O0 -ffunction-sections -fdata-sections -Wall -fstack-usage -fcyclomatic-complexity -MMD -MP -MF"Drivers/STM32H7xx_HAL_Driver/stm32h7xx_hal_cortex.d" -MT"Drivers/STM32H7xx_HAL_Driver/stm32h7xx_hal_cortex.o" --specs=nano.specs -mfpu=fpv5-d16 -mfloat-abi=hard -mthumb -o "Drivers/STM32H7xx_HAL_Driver/stm32h7xx_hal_cortex.o"
arm-none-eabi-gcc "C:/Users/willc/STM32Cube/Repository/STM32Cube_FW_H7_V1.11.2/Drivers/STM32H7xx_HAL_Driver/Src/stm32h7xx_hal_dma.c" -mcpu=cortex-m7 -std=gnu11 -g3 -DDEBUG -DUSE_HAL_DRIVER -DSTM32H733xx -c -I../Core/Inc -IC:/Users/willc/STM32Cube/Repository/STM32Cube_FW_H7_V1.11.2/Drivers/STM32H7xx_HAL_Driver/Inc -IC:/Users/willc/STM32Cube/Repository/STM32Cube_FW_H7_V1.11.2/Drivers/STM32H7xx_HAL_Driver/Inc/Legacy -IC:/Users/willc/STM32Cube/Repository/STM32Cube_FW_H7_V1.11.2/Drivers/CMSIS/Device/ST/STM32H7xx/Include -IC:/Users/willc/STM32Cube/Repository/STM32Cube_FW_H7_V1.11.2/Drivers/CMSIS/Include -O0 -ffunction-sections -fdata-sections -Wall -fstack-usage -fcyclomatic-complexity -MMD -MP -MF"Drivers/STM32H7xx_HAL_Driver/stm32h7xx_hal_dma.d" -MT"Drivers/STM32H7xx_HAL_Driver/stm32h7xx_hal_dma.o" --specs=nano.specs -mfpu=fpv5-d16 -mfloat-abi=hard -mthumb -o "Drivers/STM32H7xx_HAL_Driver/stm32h7xx_hal_dma.o"
arm-none-eabi-gcc "C:/Users/willc/STM32Cube/Repository/STM32Cube_FW_H7_V1.11.2/Drivers/STM32H7xx_HAL_Driver/Src/stm32h7xx_hal_dma_ex.c" -mcpu=cortex-m7 -std=gnu11 -g3 -DDEBUG -DUSE_HAL_DRIVER -DSTM32H733xx -c -I../Core/Inc -IC:/Users/willc/STM32Cube/Repository/STM32Cube_FW_H7_V1.11.2/Drivers/STM32H7xx_HAL_Driver/Inc -IC:/Users/willc/STM32Cube/Repository/STM32Cube_FW_H7_V1.11.2/Drivers/STM32H7xx_HAL_Driver/Inc/Legacy -IC:/Users/willc/STM32Cube/Repository/STM32Cube_FW_H7_V1.11.2/Drivers/CMSIS/Device/ST/STM32H7xx/Include -IC:/Users/willc/STM32Cube/Repository/STM32Cube_FW_H7_V1.11.2/Drivers/CMSIS/Include -O0 -ffunction-sections -fdata-sections -Wall -fstack-usage -fcyclomatic-complexity -MMD -MP -MF"Drivers/STM32H7xx_HAL_Driver/stm32h7xx_hal_dma_ex.d" -MT"Drivers/STM32H7xx_HAL_Driver/stm32h7xx_hal_dma_ex.o" --specs=nano.specs -mfpu=fpv5-d16 -mfloat-abi=hard -mthumb -o "Drivers/STM32H7xx_HAL_Driver/stm32h7xx_hal_dma_ex.o"
arm-none-eabi-gcc "C:/Users/willc/STM32Cube/Repository/STM32Cube_FW_H7_V1.11.2/Drivers/STM32H7xx_HAL_Driver/Src/stm32h7xx_hal_exti.c" -mcpu=cortex-m7 -std=gnu11 -g3 -DDEBUG -DUSE_HAL_DRIVER -DSTM32H733xx -c -I../Core/Inc -IC:/Users/willc/STM32Cube/Repository/STM32Cube_FW_H7_V1.11.2/Drivers/STM32H7xx_HAL_Driver/Inc -IC:/Users/willc/STM32Cube/Repository/STM32Cube_FW_H7_V1.11.2/Drivers/STM32H7xx_HAL_Driver/Inc/Legacy -IC:/Users/willc/STM32Cube/Repository/STM32Cube_FW_H7_V1.11.2/Drivers/CMSIS/Device/ST/STM32H7xx/Include -IC:/Users/willc/STM32Cube/Repository/STM32Cube_FW_H7_V1.11.2/Drivers/CMSIS/Include -O0 -ffunction-sections -fdata-sections -Wall -fstack-usage -fcyclomatic-complexity -MMD -MP -MF"Drivers/STM32H7xx_HAL_Driver/stm32h7xx_hal_exti.d" -MT"Drivers/STM32H7xx_HAL_Driver/stm32h7xx_hal_exti.o" --specs=nano.specs -mfpu=fpv5-d16 -mfloat-abi=hard -mthumb -o "Drivers/STM32H7xx_HAL_Driver/stm32h7xx_hal_exti.o"
arm-none-eabi-gcc "C:/Users/willc/STM32Cube/Repository/STM32Cube_FW_H7_V1.11.2/Drivers/STM32H7xx_HAL_Driver/Src/stm32h7xx_hal_flash.c" -mcpu=cortex-m7 -std=gnu11 -g3 -DDEBUG -DUSE_HAL_DRIVER -DSTM32H733xx -c -I../Core/Inc -IC:/Users/willc/STM32Cube/Repository/STM32Cube_FW_H7_V1.11.2/Drivers/STM32H7xx_HAL_Driver/Inc -IC:/Users/willc/STM32Cube/Repository/STM32Cube_FW_H7_V1.11.2/Drivers/STM32H7xx_HAL_Driver/Inc/Legacy -IC:/Users/willc/STM32Cube/Repository/STM32Cube_FW_H7_V1.11.2/Drivers/CMSIS/Device/ST/STM32H7xx/Include -IC:/Users/willc/STM32Cube/Repository/STM32Cube_FW_H7_V1.11.2/Drivers/CMSIS/Include -O0 -ffunction-sections -fdata-sections -Wall -fstack-usage -fcyclomatic-complexity -MMD -MP -MF"Drivers/STM32H7xx_HAL_Driver/stm32h7xx_hal_flash.d" -MT"Drivers/STM32H7xx_HAL_Driver/stm32h7xx_hal_flash.o" --specs=nano.specs -mfpu=fpv5-d16 -mfloat-abi=hard -mthumb -o "Drivers/STM32H7xx_HAL_Driver/stm32h7xx_hal_flash.o"
arm-none-eabi-gcc "C:/Users/willc/STM32Cube/Repository/STM32Cube_FW_H7_V1.11.2/Drivers/STM32H7xx_HAL_Driver/Src/stm32h7xx_hal_flash_ex.c" -mcpu=cortex-m7 -std=gnu11 -g3 -DDEBUG -DUSE_HAL_DRIVER -DSTM32H733xx -c -I../Core/Inc -IC:/Users/willc/STM32Cube/Repository/STM32Cube_FW_H7_V1.11.2/Drivers/STM32H7xx_HAL_Driver/Inc -IC:/Users/willc/STM32Cube/Repository/STM32Cube_FW_H7_V1.11.2/Drivers/STM32H7xx_HAL_Driver/Inc/Legacy -IC:/Users/willc/STM32Cube/Repository/STM32Cube_FW_H7_V1.11.2/Drivers/CMSIS/Device/ST/STM32H7xx/Include -IC:/Users/willc/STM32Cube/Repository/STM32Cube_FW_H7_V1.11.2/Drivers/CMSIS/Include -O0 -ffunction-sections -fdata-sections -Wall -fstack-usage -fcyclomatic-complexity -MMD -MP -MF"Drivers/STM32H7xx_HAL_Driver/stm32h7xx_hal_flash_ex.d" -MT"Drivers/STM32H7xx_HAL_Driver/stm32h7xx_hal_flash_ex.o" --specs=nano.specs -mfpu=fpv5-d16 -mfloat-abi=hard -mthumb -o "Drivers/STM32H7xx_HAL_Driver/stm32h7xx_hal_flash_ex.o"
arm-none-eabi-gcc "C:/Users/willc/STM32Cube/Repository/STM32Cube_FW_H7_V1.11.2/Drivers/STM32H7xx_HAL_Driver/Src/stm32h7xx_hal_gpio.c" -mcpu=cortex-m7 -std=gnu11 -g3 -DDEBUG -DUSE_HAL_DRIVER -DSTM32H733xx -c -I../Core/Inc -IC:/Users/willc/STM32Cube/Repository/STM32Cube_FW_H7_V1.11.2/Drivers/STM32H7xx_HAL_Driver/Inc -IC:/Users/willc/STM32Cube/Repository/STM32Cube_FW_H7_V1.11.2/Drivers/STM32H7xx_HAL_Driver/Inc/Legacy -IC:/Users/willc/STM32Cube/Repository/STM32Cube_FW_H7_V1.11.2/Drivers/CMSIS/Device/ST/STM32H7xx/Include -IC:/Users/willc/STM32Cube/Repository/STM32Cube_FW_H7_V1.11.2/Drivers/CMSIS/Include -O0 -ffunction-sections -fdata-sections -Wall -fstack-usage -fcyclomatic-complexity -MMD -MP -MF"Drivers/STM32H7xx_HAL_Driver/stm32h7xx_hal_gpio.d" -MT"Drivers/STM32H7xx_HAL_Driver/stm32h7xx_hal_gpio.o" --specs=nano.specs -mfpu=fpv5-d16 -mfloat-abi=hard -mthumb -o "Drivers/STM32H7xx_HAL_Driver/stm32h7xx_hal_gpio.o"
arm-none-eabi-gcc "C:/Users/willc/STM32Cube/Repository/STM32Cube_FW_H7_V1.11.2/Drivers/STM32H7xx_HAL_Driver/Src/stm32h7xx_hal_hsem.c" -mcpu=cortex-m7 -std=gnu11 -g3 -DDEBUG -DUSE_HAL_DRIVER -DSTM32H733xx -c -I../Core/Inc -IC:/Users/willc/STM32Cube/Repository/STM32Cube_FW_H7_V1.11.2/Drivers/STM32H7xx_HAL_Driver/Inc -IC:/Users/willc/STM32Cube/Repository/STM32Cube_FW_H7_V1.11.2/Drivers/STM32H7xx_HAL_Driver/Inc/Legacy -IC:/Users/willc/STM32Cube/Repository/STM32Cube_FW_H7_V1.11.2/Drivers/CMSIS/Device/ST/STM32H7xx/Include -IC:/Users/willc/STM32Cube/Repository/STM32Cube_FW_H7_V1.11.2/Drivers/CMSIS/Include -O0 -ffunction-sections -fdata-sections -Wall -fstack-usage -fcyclomatic-complexity -MMD -MP -MF"Drivers/STM32H7xx_HAL_Driver/stm32h7xx_hal_hsem.d" -MT"Drivers/STM32H7xx_HAL_Driver/stm32h7xx_hal_hsem.o" --specs=nano.specs -mfpu=fpv5-d16 -mfloat-abi=hard -mthumb -o "Drivers/STM32H7xx_HAL_Driver/stm32h7xx_hal_hsem.o"
arm-none-eabi-gcc "C:/Users/willc/STM32Cube/Repository/STM32Cube_FW_H7_V1.11.2/Drivers/STM32H7xx_HAL_Driver/Src/stm32h7xx_hal_i2c.c" -mcpu=cortex-m7 -std=gnu11 -g3 -DDEBUG -DUSE_HAL_DRIVER -DSTM32H733xx -c -I../Core/Inc -IC:/Users/willc/STM32Cube/Repository/STM32Cube_FW_H7_V1.11.2/Drivers/STM32H7xx_HAL_Driver/Inc -IC:/Users/willc/STM32Cube/Repository/STM32Cube_FW_H7_V1.11.2/Drivers/STM32H7xx_HAL_Driver/Inc/Legacy -IC:/Users/willc/STM32Cube/Repository/STM32Cube_FW_H7_V1.11.2/Drivers/CMSIS/Device/ST/STM32H7xx/Include -IC:/Users/willc/STM32Cube/Repository/STM32Cube_FW_H7_V1.11.2/Drivers/CMSIS/Include -O0 -ffunction-sections -fdata-sections -Wall -fstack-usage -fcyclomatic-complexity -MMD -MP -MF"Drivers/STM32H7xx_HAL_Driver/stm32h7xx_hal_i2c.d" -MT"Drivers/STM32H7xx_HAL_Driver/stm32h7xx_hal_i2c.o" --specs=nano.specs -mfpu=fpv5-d16 -mfloat-abi=hard -mthumb -o "Drivers/STM32H7xx_HAL_Driver/stm32h7xx_hal_i2c.o"
arm-none-eabi-gcc "C:/Users/willc/STM32Cube/Repository/STM32Cube_FW_H7_V1.11.2/Drivers/STM32H7xx_HAL_Driver/Src/stm32h7xx_hal_i2c_ex.c" -mcpu=cortex-m7 -std=gnu11 -g3 -DDEBUG -DUSE_HAL_DRIVER -DSTM32H733xx -c -I../Core/Inc -IC:/Users/willc/STM32Cube/Repository/STM32Cube_FW_H7_V1.11.2/Drivers/STM32H7xx_HAL_Driver/Inc -IC:/Users/willc/STM32Cube/Repository/STM32Cube_FW_H7_V1.11.2/Drivers/STM32H7xx_HAL_Driver/Inc/Legacy -IC:/Users/willc/STM32Cube/Repository/STM32Cube_FW_H7_V1.11.2/Drivers/CMSIS/Device/ST/STM32H7xx/Include -IC:/Users/willc/STM32Cube/Repository/STM32Cube_FW_H7_V1.11.2/Drivers/CMSIS/Include -O0 -ffunction-sections -fdata-sections -Wall -fstack-usage -fcyclomatic-complexity -MMD -MP -MF"Drivers/STM32H7xx_HAL_Driver/stm32h7xx_hal_i2c_ex.d" -MT"Drivers/STM32H7xx_HAL_Driver/stm32h7xx_hal_i2c_ex.o" --specs=nano.specs -mfpu=fpv5-d16 -mfloat-abi=hard -mthumb -o "Drivers/STM32H7xx_HAL_Driver/stm32h7xx_hal_i2c_ex.o"
arm-none-eabi-gcc "C:/Users/willc/STM32Cube/Repository/STM32Cube_FW_H7_V1.11.2/Drivers/STM32H7xx_HAL_Driver/Src/stm32h7xx_hal_mdma.c" -mcpu=cortex-m7 -std=gnu11 -g3 -DDEBUG -DUSE_HAL_DRIVER -DSTM32H733xx -c -I../Core/Inc -IC:/Users/willc/STM32Cube/Repository/STM32Cube_FW_H7_V1.11.2/Drivers/STM32H7xx_HAL_Driver/Inc -IC:/Users/willc/STM32Cube/Repository/STM32Cube_FW_H7_V1.11.2/Drivers/STM32H7xx_HAL_Driver/Inc/Legacy -IC:/Users/willc/STM32Cube/Repository/STM32Cube_FW_H7_V1.11.2/Drivers/CMSIS/Device/ST/STM32H7xx/Include -IC:/Users/willc/STM32Cube/Repository/STM32Cube_FW_H7_V1.11.2/Drivers/CMSIS/Include -O0 -ffunction-sections -fdata-sections -Wall -fstack-usage -fcyclomatic-complexity -MMD -MP -MF"Drivers/STM32H7xx_HAL_Driver/stm32h7xx_hal_mdma.d" -MT"Drivers/STM32H7xx_HAL_Driver/stm32h7xx_hal_mdma.o" --specs=nano.specs -mfpu=fpv5-d16 -mfloat-abi=hard -mthumb -o "Drivers/STM32H7xx_HAL_Driver/stm32h7xx_hal_mdma.o"
arm-none-eabi-gcc "C:/Users/willc/STM32Cube/Repository/STM32Cube_FW_H7_V1.11.2/Drivers/STM32H7xx_HAL_Driver/Src/stm32h7xx_hal_pwr.c" -mcpu=cortex-m7 -std=gnu11 -g3 -DDEBUG -DUSE_HAL_DRIVER -DSTM32H733xx -c -I../Core/Inc -IC:/Users/willc/STM32Cube/Repository/STM32Cube_FW_H7_V1.11.2/Drivers/STM32H7xx_HAL_Driver/Inc -IC:/Users/willc/STM32Cube/Repository/STM32Cube_FW_H7_V1.11.2/Drivers/STM32H7xx_HAL_Driver/Inc/Legacy -IC:/Users/willc/STM32Cube/Repository/STM32Cube_FW_H7_V1.11.2/Drivers/CMSIS/Device/ST/STM32H7xx/Include -IC:/Users/willc/STM32Cube/Repository/STM32Cube_FW_H7_V1.11.2/Drivers/CMSIS/Include -O0 -ffunction-sections -fdata-sections -Wall -fstack-usage -fcyclomatic-complexity -MMD -MP -MF"Drivers/STM32H7xx_HAL_Driver/stm32h7xx_hal_pwr.d" -MT"Drivers/STM32H7xx_HAL_Driver/stm32h7xx_hal_pwr.o" --specs=nano.specs -mfpu=fpv5-d16 -mfloat-abi=hard -mthumb -o "Drivers/STM32H7xx_HAL_Driver/stm32h7xx_hal_pwr.o"
arm-none-eabi-gcc "C:/Users/willc/STM32Cube/Repository/STM32Cube_FW_H7_V1.11.2/Drivers/STM32H7xx_HAL_Driver/Src/stm32h7xx_hal_pwr_ex.c" -mcpu=cortex-m7 -std=gnu11 -g3 -DDEBUG -DUSE_HAL_DRIVER -DSTM32H733xx -c -I../Core/Inc -IC:/Users/willc/STM32Cube/Repository/STM32Cube_FW_H7_V1.11.2/Drivers/STM32H7xx_HAL_Driver/Inc -IC:/Users/willc/STM32Cube/Repository/STM32Cube_FW_H7_V1.11.2/Drivers/STM32H7xx_HAL_Driver/Inc/Legacy -IC:/Users/willc/STM32Cube/Repository/STM32Cube_FW_H7_V1.11.2/Drivers/CMSIS/Device/ST/STM32H7xx/Include -IC:/Users/willc/STM32Cube/Repository/STM32Cube_FW_H7_V1.11.2/Drivers/CMSIS/Include -O0 -ffunction-sections -fdata-sections -Wall -fstack-usage -fcyclomatic-complexity -MMD -MP -MF"Drivers/STM32H7xx_HAL_Driver/stm32h7xx_hal_pwr_ex.d" -MT"Drivers/STM32H7xx_HAL_Driver/stm32h7xx_hal_pwr_ex.o" --specs=nano.specs -mfpu=fpv5-d16 -mfloat-abi=hard -mthumb -o "Drivers/STM32H7xx_HAL_Driver/stm32h7xx_hal_pwr_ex.o"
arm-none-eabi-gcc "C:/Users/willc/STM32Cube/Repository/STM32Cube_FW_H7_V1.11.2/Drivers/STM32H7xx_HAL_Driver/Src/stm32h7xx_hal_rcc.c" -mcpu=cortex-m7 -std=gnu11 -g3 -DDEBUG -DUSE_HAL_DRIVER -DSTM32H733xx -c -I../Core/Inc -IC:/Users/willc/STM32Cube/Repository/STM32Cube_FW_H7_V1.11.2/Drivers/STM32H7xx_HAL_Driver/Inc -IC:/Users/willc/STM32Cube/Repository/STM32Cube_FW_H7_V1.11.2/Drivers/STM32H7xx_HAL_Driver/Inc/Legacy -IC:/Users/willc/STM32Cube/Repository/STM32Cube_FW_H7_V1.11.2/Drivers/CMSIS/Device/ST/STM32H7xx/Include -IC:/Users/willc/STM32Cube/Repository/STM32Cube_FW_H7_V1.11.2/Drivers/CMSIS/Include -O0 -ffunction-sections -fdata-sections -Wall -fstack-usage -fcyclomatic-complexity -MMD -MP -MF"Drivers/STM32H7xx_HAL_Driver/stm32h7xx_hal_rcc.d" -MT"Drivers/STM32H7xx_HAL_Driver/stm32h7xx_hal_rcc.o" --specs=nano.specs -mfpu=fpv5-d16 -mfloat-abi=hard -mthumb -o "Drivers/STM32H7xx_HAL_Driver/stm32h7xx_hal_rcc.o"
arm-none-eabi-gcc "C:/Users/willc/STM32Cube/Repository/STM32Cube_FW_H7_V1.11.2/Drivers/STM32H7xx_HAL_Driver/Src/stm32h7xx_hal_rcc_ex.c" -mcpu=cortex-m7 -std=gnu11 -g3 -DDEBUG -DUSE_HAL_DRIVER -DSTM32H733xx -c -I../Core/Inc -IC:/Users/willc/STM32Cube/Repository/STM32Cube_FW_H7_V1.11.2/Drivers/STM32H7xx_HAL_Driver/Inc -IC:/Users/willc/STM32Cube/Repository/STM32Cube_FW_H7_V1.11.2/Drivers/STM32H7xx_HAL_Driver/Inc/Legacy -IC:/Users/willc/STM32Cube/Repository/STM32Cube_FW_H7_V1.11.2/Drivers/CMSIS/Device/ST/STM32H7xx/Include -IC:/Users/willc/STM32Cube/Repository/STM32Cube_FW_H7_V1.11.2/Drivers/CMSIS/Include -O0 -ffunction-sections -fdata-sections -Wall -fstack-usage -fcyclomatic-complexity -MMD -MP -MF"Drivers/STM32H7xx_HAL_Driver/stm32h7xx_hal_rcc_ex.d" -MT"Drivers/STM32H7xx_HAL_Driver/stm32h7xx_hal_rcc_ex.o" --specs=nano.specs -mfpu=fpv5-d16 -mfloat-abi=hard -mthumb -o "Drivers/STM32H7xx_HAL_Driver/stm32h7xx_hal_rcc_ex.o"
arm-none-eabi-gcc "C:/Users/willc/STM32Cube/Repository/STM32Cube_FW_H7_V1.11.2/Drivers/STM32H7xx_HAL_Driver/Src/stm32h7xx_hal_tim.c" -mcpu=cortex-m7 -std=gnu11 -g3 -DDEBUG -DUSE_HAL_DRIVER -DSTM32H733xx -c -I../Core/Inc -IC:/Users/willc/STM32Cube/Repository/STM32Cube_FW_H7_V1.11.2/Drivers/STM32H7xx_HAL_Driver/Inc -IC:/Users/willc/STM32Cube/Repository/STM32Cube_FW_H7_V1.11.2/Drivers/STM32H7xx_HAL_Driver/Inc/Legacy -IC:/Users/willc/STM32Cube/Repository/STM32Cube_FW_H7_V1.11.2/Drivers/CMSIS/Device/ST/STM32H7xx/Include -IC:/Users/willc/STM32Cube/Repository/STM32Cube_FW_H7_V1.11.2/Drivers/CMSIS/Include -O0 -ffunction-sections -fdata-sections -Wall -fstack-usage -fcyclomatic-complexity -MMD -MP -MF"Drivers/STM32H7xx_HAL_Driver/stm32h7xx_hal_tim.d" -MT"Drivers/STM32H7xx_HAL_Driver/stm32h7xx_hal_tim.o" --specs=nano.specs -mfpu=fpv5-d16 -mfloat-abi=hard -mthumb -o "Drivers/STM32H7xx_HAL_Driver/stm32h7xx_hal_tim.o"
arm-none-eabi-gcc "C:/Users/willc/STM32Cube/Repository/STM32Cube_FW_H7_V1.11.2/Drivers/STM32H7xx_HAL_Driver/Src/stm32h7xx_hal_tim_ex.c" -mcpu=cortex-m7 -std=gnu11 -g3 -DDEBUG -DUSE_HAL_DRIVER -DSTM32H733xx -c -I../Core/Inc -IC:/Users/willc/STM32Cube/Repository/STM32Cube_FW_H7_V1.11.2/Drivers/STM32H7xx_HAL_Driver/Inc -IC:/Users/willc/STM32Cube/Repository/STM32Cube_FW_H7_V1.11.2/Drivers/STM32H7xx_HAL_Driver/Inc/Legacy -IC:/Users/willc/STM32Cube/Repository/STM32Cube_FW_H7_V1.11.2/Drivers/CMSIS/Device/ST/STM32H7xx/Include -IC:/Users/willc/STM32Cube/Repository/STM32Cube_FW_H7_V1.11.2/Drivers/CMSIS/Include -O0 -ffunction-sections -fdata-sections -Wall -fstack-usage -fcyclomatic-complexity -MMD -MP -MF"Drivers/STM32H7xx_HAL_Driver/stm32h7xx_hal_tim_ex.d" -MT"Drivers/STM32H7xx_HAL_Driver/stm32h7xx_hal_tim_ex.o" --specs=nano.specs -mfpu=fpv5-d16 -mfloat-abi=hard -mthumb -o "Drivers/STM32H7xx_HAL_Driver/stm32h7xx_hal_tim_ex.o"
arm-none-eabi-gcc -mcpu=cortex-m7 -g3 -DDEBUG -c -x assembler-with-cpp -MMD -MP -MF"Core/Startup/startup_stm32h733vgtx.d" -MT"Core/Startup/startup_stm32h733vgtx.o" --specs=nano.specs -mfpu=fpv5-d16 -mfloat-abi=hard -mthumb -o "Core/Startup/startup_stm32h733vgtx.o" "../Core/Startup/startup_stm32h733vgtx.s"
arm-none-eabi-gcc "../Core/Src/main.c" -mcpu=cortex-m7 -std=gnu11 -g3 -DDEBUG -DUSE_HAL_DRIVER -DSTM32H733xx -c -I../Core/Inc -IC:/Users/willc/STM32Cube/Repository/STM32Cube_FW_H7_V1.11.2/Drivers/STM32H7xx_HAL_Driver/Inc -IC:/Users/willc/STM32Cube/Repository/STM32Cube_FW_H7_V1.11.2/Drivers/STM32H7xx_HAL_Driver/Inc/Legacy -IC:/Users/willc/STM32Cube/Repository/STM32Cube_FW_H7_V1.11.2/Drivers/CMSIS/Device/ST/STM32H7xx/Include -IC:/Users/willc/STM32Cube/Repository/STM32Cube_FW_H7_V1.11.2/Drivers/CMSIS/Include -O0 -ffunction-sections -fdata-sections -Wall -fstack-usage -fcyclomatic-complexity -MMD -MP -MF"Core/Src/main.d" -MT"Core/Src/main.o" --specs=nano.specs -mfpu=fpv5-d16 -mfloat-abi=hard -mthumb -o "Core/Src/main.o"
arm-none-eabi-gcc "../Core/Src/stm32h7xx_hal_msp.c" -mcpu=cortex-m7 -std=gnu11 -g3 -DDEBUG -DUSE_HAL_DRIVER -DSTM32H733xx -c -I../Core/Inc -IC:/Users/willc/STM32Cube/Repository/STM32Cube_FW_H7_V1.11.2/Drivers/STM32H7xx_HAL_Driver/Inc -IC:/Users/willc/STM32Cube/Repository/STM32Cube_FW_H7_V1.11.2/Drivers/STM32H7xx_HAL_Driver/Inc/Legacy -IC:/Users/willc/STM32Cube/Repository/STM32Cube_FW_H7_V1.11.2/Drivers/CMSIS/Device/ST/STM32H7xx/Include -IC:/Users/willc/STM32Cube/Repository/STM32Cube_FW_H7_V1.11.2/Drivers/CMSIS/Include -O0 -ffunction-sections -fdata-sections -Wall -fstack-usage -fcyclomatic-complexity -MMD -MP -MF"Core/Src/stm32h7xx_hal_msp.d" -MT"Core/Src/stm32h7xx_hal_msp.o" --specs=nano.specs -mfpu=fpv5-d16 -mfloat-abi=hard -mthumb -o "Core/Src/stm32h7xx_hal_msp.o"
arm-none-eabi-gcc "../Core/Src/stm32h7xx_it.c" -mcpu=cortex-m7 -std=gnu11 -g3 -DDEBUG -DUSE_HAL_DRIVER -DSTM32H733xx -c -I../Core/Inc -IC:/Users/willc/STM32Cube/Repository/STM32Cube_FW_H7_V1.11.2/Drivers/STM32H7xx_HAL_Driver/Inc -IC:/Users/willc/STM32Cube/Repository/STM32Cube_FW_H7_V1.11.2/Drivers/STM32H7xx_HAL_Driver/Inc/Legacy -IC:/Users/willc/STM32Cube/Repository/STM32Cube_FW_H7_V1.11.2/Drivers/CMSIS/Device/ST/STM32H7xx/Include -IC:/Users/willc/STM32Cube/Repository/STM32Cube_FW_H7_V1.11.2/Drivers/CMSIS/Include -O0 -ffunction-sections -fdata-sections -Wall -fstack-usage -fcyclomatic-complexity -MMD -MP -MF"Core/Src/stm32h7xx_it.d" -MT"Core/Src/stm32h7xx_it.o" --specs=nano.specs -mfpu=fpv5-d16 -mfloat-abi=hard -mthumb -o "Core/Src/stm32h7xx_it.o"
arm-none-eabi-gcc "../Core/Src/syscalls.c" -mcpu=cortex-m7 -std=gnu11 -g3 -DDEBUG -DUSE_HAL_DRIVER -DSTM32H733xx -c -I../Core/Inc -IC:/Users/willc/STM32Cube/Repository/STM32Cube_FW_H7_V1.11.2/Drivers/STM32H7xx_HAL_Driver/Inc -IC:/Users/willc/STM32Cube/Repository/STM32Cube_FW_H7_V1.11.2/Drivers/STM32H7xx_HAL_Driver/Inc/Legacy -IC:/Users/willc/STM32Cube/Repository/STM32Cube_FW_H7_V1.11.2/Drivers/CMSIS/Device/ST/STM32H7xx/Include -IC:/Users/willc/STM32Cube/Repository/STM32Cube_FW_H7_V1.11.2/Drivers/CMSIS/Include -O0 -ffunction-sections -fdata-sections -Wall -fstack-usage -fcyclomatic-complexity -MMD -MP -MF"Core/Src/syscalls.d" -MT"Core/Src/syscalls.o" --specs=nano.specs -mfpu=fpv5-d16 -mfloat-abi=hard -mthumb -o "Core/Src/syscalls.o"
arm-none-eabi-gcc "../Core/Src/sysmem.c" -mcpu=cortex-m7 -std=gnu11 -g3 -DDEBUG -DUSE_HAL_DRIVER -DSTM32H733xx -c -I../Core/Inc -IC:/Users/willc/STM32Cube/Repository/STM32Cube_FW_H7_V1.11.2/Drivers/STM32H7xx_HAL_Driver/Inc -IC:/Users/willc/STM32Cube/Repository/STM32Cube_FW_H7_V1.11.2/Drivers/STM32H7xx_HAL_Driver/Inc/Legacy -IC:/Users/willc/STM32Cube/Repository/STM32Cube_FW_H7_V1.11.2/Drivers/CMSIS/Device/ST/STM32H7xx/Include -IC:/Users/willc/STM32Cube/Repository/STM32Cube_FW_H7_V1.11.2/Drivers/CMSIS/Include -O0 -ffunction-sections -fdata-sections -Wall -fstack-usage -fcyclomatic-complexity -MMD -MP -MF"Core/Src/sysmem.d" -MT"Core/Src/sysmem.o" --specs=nano.specs -mfpu=fpv5-d16 -mfloat-abi=hard -mthumb -o "Core/Src/sysmem.o"
arm-none-eabi-gcc "../Core/Src/system_stm32h7xx.c" -mcpu=cortex-m7 -std=gnu11 -g3 -DDEBUG -DUSE_HAL_DRIVER -DSTM32H733xx -c -I../Core/Inc -IC:/Users/willc/STM32Cube/Repository/STM32Cube_FW_H7_V1.11.2/Drivers/STM32H7xx_HAL_Driver/Inc -IC:/Users/willc/STM32Cube/Repository/STM32Cube_FW_H7_V1.11.2/Drivers/STM32H7xx_HAL_Driver/Inc/Legacy -IC:/Users/willc/STM32Cube/Repository/STM32Cube_FW_H7_V1.11.2/Drivers/CMSIS/Device/ST/STM32H7xx/Include -IC:/Users/willc/STM32Cube/Repository/STM32Cube_FW_H7_V1.11.2/Drivers/CMSIS/Include -O0 -ffunction-sections -fdata-sections -Wall -fstack-usage -fcyclomatic-complexity -MMD -MP -MF"Core/Src/system_stm32h7xx.d" -MT"Core/Src/system_stm32h7xx.o" --specs=nano.specs -mfpu=fpv5-d16 -mfloat-abi=hard -mthumb -o "Core/Src/system_stm32h7xx.o"
arm-none-eabi-gcc -o "QuadrunaBMS.elf" @"objects.list"   -mcpu=cortex-m7 -T"C:\Users\willc\STM32CubeIDE\SPITesting\QuadrunaBMS\STM32H733VGTX_FLASH.ld" --specs=nosys.specs -Wl,-Map="QuadrunaBMS.map" -Wl,--gc-sections -static --specs=nano.specs -mfpu=fpv5-d16 -mfloat-abi=hard -mthumb -Wl,--start-group -lc -lm -Wl,--end-group
Finished building target: QuadrunaBMS.elf
 
arm-none-eabi-size  QuadrunaBMS.elf 
arm-none-eabi-objdump -h -S QuadrunaBMS.elf  > "QuadrunaBMS.list"
   text	   data	    bss	    dec	    hex	filename
   6384	     24	   1568	   7976	   1f28	QuadrunaBMS.elf
Finished building: default.size.stdout
 
Finished building: QuadrunaBMS.list
 
15:17:56 **** Incremental Build of configuration Debug for project TunaBMS ****
make -j16 all 
arm-none-eabi-gcc "../Core/Src/main.c" -mcpu=cortex-m4 -std=gnu11 -g3 -DDEBUG -DUSE_HAL_DRIVER -DSTM32F302xC -c -I../Core/Inc -IC:/Users/willc/STM32Cube/Repository/STM32Cube_FW_F3_V1.11.4/Drivers/STM32F3xx_HAL_Driver/Inc/Legacy -IC:/Users/willc/STM32Cube/Repository/STM32Cube_FW_F3_V1.11.4/Drivers/STM32F3xx_HAL_Driver/Inc -IC:/Users/willc/STM32Cube/Repository/STM32Cube_FW_F3_V1.11.4/Drivers/CMSIS/Device/ST/STM32F3xx/Include -IC:/Users/willc/STM32Cube/Repository/STM32Cube_FW_F3_V1.11.4/Drivers/CMSIS/Include -O0 -ffunction-sections -fdata-sections -Wall -fstack-usage -fcyclomatic-complexity -MMD -MP -MF"Core/Src/main.d" -MT"Core/Src/main.o" --specs=nano.specs -mfpu=fpv4-sp-d16 -mfloat-abi=hard -mthumb -o "Core/Src/main.o"
../Core/Src/main.c: In function 'SPI2_IRQHandler':
../Core/Src/main.c:69:7: warning: implicit declaration of function 'SPI_I2S_GetITStatus' [-Wimplicit-function-declaration]
   69 |   if (SPI_I2S_GetITStatus(SPIx, SPI_I2S_IT_TXE) != RESET)
      |       ^~~~~~~~~~~~~~~~~~~
../Core/Src/main.c:69:27: error: 'SPIx' undeclared (first use in this function); did you mean 'SPI1'?
   69 |   if (SPI_I2S_GetITStatus(SPIx, SPI_I2S_IT_TXE) != RESET)
      |                           ^~~~
      |                           SPI1
../Core/Src/main.c:69:27: note: each undeclared identifier is reported only once for each function it appears in
../Core/Src/main.c:69:33: error: 'SPI_I2S_IT_TXE' undeclared (first use in this function); did you mean 'SPI_IT_TXE'?
   69 |   if (SPI_I2S_GetITStatus(SPIx, SPI_I2S_IT_TXE) != RESET)
      |                                 ^~~~~~~~~~~~~~
      |                                 SPI_IT_TXE
../Core/Src/main.c:74:39: error: 'SPI_I2S_IT_RXNE' undeclared (first use in this function); did you mean 'SPI_IT_RXNE'?
   74 |         if (SPI_I2S_GetITStatus(SPIx, SPI_I2S_IT_RXNE) != RESET)
      |                                       ^~~~~~~~~~~~~~~
      |                                       SPI_IT_RXNE
../Core/Src/main.c:76:26: warning: implicit declaration of function 'SPI_I2S_ReceiveData' [-Wimplicit-function-declaration]
   76 |                 char c = SPI_I2S_ReceiveData(SPIx);
      |                          ^~~~~~~~~~~~~~~~~~~
../Core/Src/main.c: In function 'main':
../Core/Src/main.c:136:33: error: 'tog' undeclared (first use in this function)
  136 |                                 tog ^= 1;
      |                                 ^~~
../Core/Src/main.c:137:33: warning: implicit declaration of function 'GPIO_WriteBit'; did you mean 'HAL_GPIO_WritePin'? [-Wimplicit-function-declaration]
  137 |                                 GPIO_WriteBit(GPIOC, GPIO_Pin_13,(BitAction)tog);
      |                                 ^~~~~~~~~~~~~
      |                                 HAL_GPIO_WritePin
../Core/Src/main.c:137:54: error: 'GPIO_Pin_13' undeclared (first use in this function); did you mean 'GPIO_PIN_13'?
  137 |                                 GPIO_WriteBit(GPIOC, GPIO_Pin_13,(BitAction)tog);
      |                                                      ^~~~~~~~~~~
      |                                                      GPIO_PIN_13
../Core/Src/main.c:137:67: error: 'BitAction' undeclared (first use in this function)
  137 |                                 GPIO_WriteBit(GPIOC, GPIO_Pin_13,(BitAction)tog);
      |                                                                   ^~~~~~~~~
../Core/Src/main.c:137:77: error: expected ')' before 'tog'
  137 |                                 GPIO_WriteBit(GPIOC, GPIO_Pin_13,(BitAction)tog);
      |                                              ~                              ^~~
      |                                                                             )
../Core/Src/main.c: In function 'is_SPIx_EnableSlave':
../Core/Src/main.c:263:1: warning: control reaches end of non-void function [-Wreturn-type]
  263 | }
      | ^
make: *** [Core/Src/subdir.mk:34: Core/Src/main.o] Error 1
"make -j16 all" terminated with exit code 2. Build might be incomplete.
15:18:37 **** Incremental Build of configuration Debug for project QuadrunaBMS ****
make -j16 all 
arm-none-eabi-size  QuadrunaBMS.elf 
   text	   data	    bss	    dec	    hex	filename
   6384	     24	   1568	   7976	   1f28	QuadrunaBMS.elf
Finished building: default.size.stdout
 
15:18:38 **** Incremental Build of configuration Debug for project TunaBMS ****
make -j16 all 
arm-none-eabi-gcc "../Core/Src/main.c" -mcpu=cortex-m4 -std=gnu11 -g3 -DDEBUG -DUSE_HAL_DRIVER -DSTM32F302xC -c -I../Core/Inc -IC:/Users/willc/STM32Cube/Repository/STM32Cube_FW_F3_V1.11.4/Drivers/STM32F3xx_HAL_Driver/Inc/Legacy -IC:/Users/willc/STM32Cube/Repository/STM32Cube_FW_F3_V1.11.4/Drivers/STM32F3xx_HAL_Driver/Inc -IC:/Users/willc/STM32Cube/Repository/STM32Cube_FW_F3_V1.11.4/Drivers/CMSIS/Device/ST/STM32F3xx/Include -IC:/Users/willc/STM32Cube/Repository/STM32Cube_FW_F3_V1.11.4/Drivers/CMSIS/Include -O0 -ffunction-sections -fdata-sections -Wall -fstack-usage -fcyclomatic-complexity -MMD -MP -MF"Core/Src/main.d" -MT"Core/Src/main.o" --specs=nano.specs -mfpu=fpv4-sp-d16 -mfloat-abi=hard -mthumb -o "Core/Src/main.o"
../Core/Src/main.c: In function 'is_SPIx_EnableSlave':
../Core/Src/main.c:232:1: warning: control reaches end of non-void function [-Wreturn-type]
  232 | }
      | ^
arm-none-eabi-gcc -o "TunaBMS.elf" @"objects.list"   -mcpu=cortex-m4 -T"C:\Users\willc\STM32CubeIDE\SPITesting\TunaBMS\STM32F302CCTX_FLASH.ld" --specs=nosys.specs -Wl,-Map="TunaBMS.map" -Wl,--gc-sections -static --specs=nano.specs -mfpu=fpv4-sp-d16 -mfloat-abi=hard -mthumb -Wl,--start-group -lc -lm -Wl,--end-group
Finished building target: TunaBMS.elf
 
arm-none-eabi-size  TunaBMS.elf 
arm-none-eabi-objdump -h -S TunaBMS.elf  > "TunaBMS.list"
   text	   data	    bss	    dec	    hex	filename
   8296	     20	   1668	   9984	   2700	TunaBMS.elf
Finished building: default.size.stdout
 
Finished building: TunaBMS.list
 
15:19:02 **** Incremental Build of configuration Debug for project TunaBMS ****
make -j16 all 
arm-none-eabi-size  TunaBMS.elf 
   text	   data	    bss	    dec	    hex	filename
   8296	     20	   1668	   9984	   2700	TunaBMS.elf
Finished building: default.size.stdout
 
15:22:03 **** Incremental Build of configuration Debug for project TunaBMS ****
make -j16 all 
arm-none-eabi-gcc "../Core/Src/main.c" -mcpu=cortex-m4 -std=gnu11 -g3 -DDEBUG -DUSE_HAL_DRIVER -DSTM32F302xC -c -I../Core/Inc -IC:/Users/willc/STM32Cube/Repository/STM32Cube_FW_F3_V1.11.4/Drivers/STM32F3xx_HAL_Driver/Inc/Legacy -IC:/Users/willc/STM32Cube/Repository/STM32Cube_FW_F3_V1.11.4/Drivers/STM32F3xx_HAL_Driver/Inc -IC:/Users/willc/STM32Cube/Repository/STM32Cube_FW_F3_V1.11.4/Drivers/CMSIS/Device/ST/STM32F3xx/Include -IC:/Users/willc/STM32Cube/Repository/STM32Cube_FW_F3_V1.11.4/Drivers/CMSIS/Include -O0 -ffunction-sections -fdata-sections -Wall -fstack-usage -fcyclomatic-complexity -MMD -MP -MF"Core/Src/main.d" -MT"Core/Src/main.o" --specs=nano.specs -mfpu=fpv4-sp-d16 -mfloat-abi=hard -mthumb -o "Core/Src/main.o"
arm-none-eabi-gcc "../Core/Src/stm32f3xx_hal_msp.c" -mcpu=cortex-m4 -std=gnu11 -g3 -DDEBUG -DUSE_HAL_DRIVER -DSTM32F302xC -c -I../Core/Inc -IC:/Users/willc/STM32Cube/Repository/STM32Cube_FW_F3_V1.11.4/Drivers/STM32F3xx_HAL_Driver/Inc/Legacy -IC:/Users/willc/STM32Cube/Repository/STM32Cube_FW_F3_V1.11.4/Drivers/STM32F3xx_HAL_Driver/Inc -IC:/Users/willc/STM32Cube/Repository/STM32Cube_FW_F3_V1.11.4/Drivers/CMSIS/Device/ST/STM32F3xx/Include -IC:/Users/willc/STM32Cube/Repository/STM32Cube_FW_F3_V1.11.4/Drivers/CMSIS/Include -O0 -ffunction-sections -fdata-sections -Wall -fstack-usage -fcyclomatic-complexity -MMD -MP -MF"Core/Src/stm32f3xx_hal_msp.d" -MT"Core/Src/stm32f3xx_hal_msp.o" --specs=nano.specs -mfpu=fpv4-sp-d16 -mfloat-abi=hard -mthumb -o "Core/Src/stm32f3xx_hal_msp.o"
arm-none-eabi-gcc "../Core/Src/stm32f3xx_it.c" -mcpu=cortex-m4 -std=gnu11 -g3 -DDEBUG -DUSE_HAL_DRIVER -DSTM32F302xC -c -I../Core/Inc -IC:/Users/willc/STM32Cube/Repository/STM32Cube_FW_F3_V1.11.4/Drivers/STM32F3xx_HAL_Driver/Inc/Legacy -IC:/Users/willc/STM32Cube/Repository/STM32Cube_FW_F3_V1.11.4/Drivers/STM32F3xx_HAL_Driver/Inc -IC:/Users/willc/STM32Cube/Repository/STM32Cube_FW_F3_V1.11.4/Drivers/CMSIS/Device/ST/STM32F3xx/Include -IC:/Users/willc/STM32Cube/Repository/STM32Cube_FW_F3_V1.11.4/Drivers/CMSIS/Include -O0 -ffunction-sections -fdata-sections -Wall -fstack-usage -fcyclomatic-complexity -MMD -MP -MF"Core/Src/stm32f3xx_it.d" -MT"Core/Src/stm32f3xx_it.o" --specs=nano.specs -mfpu=fpv4-sp-d16 -mfloat-abi=hard -mthumb -o "Core/Src/stm32f3xx_it.o"
../Core/Src/main.c: In function 'main':
../Core/Src/main.c:109:11: warning: implicit declaration of function 'HAL_DELAY'; did you mean 'HAL_Delay'? [-Wimplicit-function-declaration]
  109 |           HAL_DELAY(500);
      |           ^~~~~~~~~
      |           HAL_Delay
arm-none-eabi-gcc -o "TunaBMS.elf" @"objects.list"   -mcpu=cortex-m4 -T"C:\Users\willc\STM32CubeIDE\SPITesting\TunaBMS\STM32F302CCTX_FLASH.ld" --specs=nosys.specs -Wl,-Map="TunaBMS.map" -Wl,--gc-sections -static --specs=nano.specs -mfpu=fpv4-sp-d16 -mfloat-abi=hard -mthumb -Wl,--start-group -lc -lm -Wl,--end-group
C:/ST/STM32CubeIDE_1.13.2/STM32CubeIDE/plugins/com.st.stm32cube.ide.mcu.externaltools.gnu-tools-for-stm32.11.3.rel1.win32_1.1.100.202309141235/tools/bin/../lib/gcc/arm-none-eabi/11.3.1/../../../../arm-none-eabi/bin/ld.exe: ./Core/Src/main.o: in function `main':
C:/Users/willc/STM32CubeIDE/SPITesting/TunaBMS/Debug/../Core/Src/main.c:109: undefined reference to `HAL_DELAY'
collect2.exe: error: ld returned 1 exit status
make: *** [makefile:64: TunaBMS.elf] Error 1
"make -j16 all" terminated with exit code 2. Build might be incomplete.
15:22:12 **** Incremental Build of configuration Debug for project TunaBMS ****
make -j16 all 
arm-none-eabi-gcc "../Core/Src/main.c" -mcpu=cortex-m4 -std=gnu11 -g3 -DDEBUG -DUSE_HAL_DRIVER -DSTM32F302xC -c -I../Core/Inc -IC:/Users/willc/STM32Cube/Repository/STM32Cube_FW_F3_V1.11.4/Drivers/STM32F3xx_HAL_Driver/Inc/Legacy -IC:/Users/willc/STM32Cube/Repository/STM32Cube_FW_F3_V1.11.4/Drivers/STM32F3xx_HAL_Driver/Inc -IC:/Users/willc/STM32Cube/Repository/STM32Cube_FW_F3_V1.11.4/Drivers/CMSIS/Device/ST/STM32F3xx/Include -IC:/Users/willc/STM32Cube/Repository/STM32Cube_FW_F3_V1.11.4/Drivers/CMSIS/Include -O0 -ffunction-sections -fdata-sections -Wall -fstack-usage -fcyclomatic-complexity -MMD -MP -MF"Core/Src/main.d" -MT"Core/Src/main.o" --specs=nano.specs -mfpu=fpv4-sp-d16 -mfloat-abi=hard -mthumb -o "Core/Src/main.o"
arm-none-eabi-gcc -o "TunaBMS.elf" @"objects.list"   -mcpu=cortex-m4 -T"C:\Users\willc\STM32CubeIDE\SPITesting\TunaBMS\STM32F302CCTX_FLASH.ld" --specs=nosys.specs -Wl,-Map="TunaBMS.map" -Wl,--gc-sections -static --specs=nano.specs -mfpu=fpv4-sp-d16 -mfloat-abi=hard -mthumb -Wl,--start-group -lc -lm -Wl,--end-group
Finished building target: TunaBMS.elf
 
arm-none-eabi-size  TunaBMS.elf 
arm-none-eabi-objdump -h -S TunaBMS.elf  > "TunaBMS.list"
   text	   data	    bss	    dec	    hex	filename
   8568	     20	   1668	  10256	   2810	TunaBMS.elf
Finished building: default.size.stdout
 
Finished building: TunaBMS.list
 
